Component: ARM Compiler 5.06 update 6 (build 750) Tool: armlink [4d35ed]

==============================================================================

Section Cross References

    main.o(i.SystemClock_Config) refers to stm32f1xx_hal_rcc.o(i.HAL_RCC_OscConfig) for HAL_RCC_OscConfig
    main.o(i.SystemClock_Config) refers to stm32f1xx_hal_rcc.o(i.HAL_RCC_ClockConfig) for HAL_RCC_ClockConfig
    main.o(i.SystemClock_Config) refers to stm32f1xx_hal_rcc.o(i.HAL_RCC_GetHCLKFreq) for HAL_RCC_GetHCLKFreq
    main.o(i.SystemClock_Config) refers to stm32f1xx_hal_cortex.o(i.HAL_SYSTICK_Config) for HAL_SYSTICK_Config
    main.o(i.SystemClock_Config) refers to stm32f1xx_hal_cortex.o(i.HAL_SYSTICK_CLKSourceConfig) for HAL_SYSTICK_CLKSourceConfig
    main.o(i.SystemClock_Config) refers to stm32f1xx_hal_cortex.o(i.HAL_NVIC_SetPriority) for HAL_NVIC_SetPriority
    main.o(i.main) refers to stm32f1xx_hal.o(i.HAL_Init) for HAL_Init
    main.o(i.main) refers to main.o(i.SystemClock_Config) for SystemClock_Config
    main.o(i.main) refers to gpio.o(i.MX_GPIO_Init) for MX_GPIO_Init
    main.o(i.main) refers to tim.o(i.MX_TIM1_Init) for MX_TIM1_Init
    main.o(i.main) refers to usart.o(i.MX_USART2_UART_Init) for MX_USART2_UART_Init
    main.o(i.main) refers to vfdmain.o(i.VFDMainSetup) for VFDMainSetup
    main.o(i.main) refers to vfdmain.o(i.VFDMainLoop) for VFDMainLoop
    gpio.o(i.MX_GPIO_Init) refers to stm32f1xx_hal_gpio.o(i.HAL_GPIO_WritePin) for HAL_GPIO_WritePin
    gpio.o(i.MX_GPIO_Init) refers to stm32f1xx_hal_gpio.o(i.HAL_GPIO_Init) for HAL_GPIO_Init
    tim.o(i.HAL_TIM_Base_MspDeInit) refers to stm32f1xx_hal_cortex.o(i.HAL_NVIC_DisableIRQ) for HAL_NVIC_DisableIRQ
    tim.o(i.HAL_TIM_Base_MspInit) refers to stm32f1xx_hal_cortex.o(i.HAL_NVIC_SetPriority) for HAL_NVIC_SetPriority
    tim.o(i.HAL_TIM_Base_MspInit) refers to stm32f1xx_hal_cortex.o(i.HAL_NVIC_EnableIRQ) for HAL_NVIC_EnableIRQ
    tim.o(i.MX_TIM1_Init) refers to stm32f1xx_hal_tim.o(i.HAL_TIM_Base_Init) for HAL_TIM_Base_Init
    tim.o(i.MX_TIM1_Init) refers to main.o(i._Error_Handler) for _Error_Handler
    tim.o(i.MX_TIM1_Init) refers to stm32f1xx_hal_tim.o(i.HAL_TIM_ConfigClockSource) for HAL_TIM_ConfigClockSource
    tim.o(i.MX_TIM1_Init) refers to stm32f1xx_hal_tim_ex.o(i.HAL_TIMEx_MasterConfigSynchronization) for HAL_TIMEx_MasterConfigSynchronization
    tim.o(i.MX_TIM1_Init) refers to tim.o(.bss) for .bss
    usart.o(i.HAL_UART_MspDeInit) refers to stm32f1xx_hal_gpio.o(i.HAL_GPIO_DeInit) for HAL_GPIO_DeInit
    usart.o(i.HAL_UART_MspDeInit) refers to stm32f1xx_hal_cortex.o(i.HAL_NVIC_DisableIRQ) for HAL_NVIC_DisableIRQ
    usart.o(i.HAL_UART_MspInit) refers to stm32f1xx_hal_gpio.o(i.HAL_GPIO_Init) for HAL_GPIO_Init
    usart.o(i.HAL_UART_MspInit) refers to stm32f1xx_hal_cortex.o(i.HAL_NVIC_SetPriority) for HAL_NVIC_SetPriority
    usart.o(i.HAL_UART_MspInit) refers to stm32f1xx_hal_cortex.o(i.HAL_NVIC_EnableIRQ) for HAL_NVIC_EnableIRQ
    usart.o(i.MX_USART2_UART_Init) refers to stm32f1xx_hal_uart.o(i.HAL_UART_Init) for HAL_UART_Init
    usart.o(i.MX_USART2_UART_Init) refers to main.o(i._Error_Handler) for _Error_Handler
    usart.o(i.MX_USART2_UART_Init) refers to usart.o(.bss) for .bss
    stm32f1xx_it.o(i.SysTick_Handler) refers to stm32f1xx_hal.o(i.HAL_IncTick) for HAL_IncTick
    stm32f1xx_it.o(i.SysTick_Handler) refers to stm32f1xx_hal_cortex.o(i.HAL_SYSTICK_IRQHandler) for HAL_SYSTICK_IRQHandler
    stm32f1xx_it.o(i.TIM1_UP_IRQHandler) refers to stm32f1xx_hal_tim.o(i.HAL_TIM_IRQHandler) for HAL_TIM_IRQHandler
    stm32f1xx_it.o(i.TIM1_UP_IRQHandler) refers to vfdmain.o(i.VFDMainInterrupt) for VFDMainInterrupt
    stm32f1xx_it.o(i.TIM1_UP_IRQHandler) refers to tim.o(.bss) for htim1
    stm32f1xx_it.o(i.USART2_IRQHandler) refers to stm32f1xx_hal_uart.o(i.HAL_UART_IRQHandler) for HAL_UART_IRQHandler
    stm32f1xx_it.o(i.USART2_IRQHandler) refers to usart.o(.bss) for huart2
    stm32f1xx_hal_msp.o(i.HAL_MspInit) refers to stm32f1xx_hal_cortex.o(i.HAL_NVIC_SetPriorityGrouping) for HAL_NVIC_SetPriorityGrouping
    stm32f1xx_hal_msp.o(i.HAL_MspInit) refers to stm32f1xx_hal_cortex.o(i.HAL_NVIC_SetPriority) for HAL_NVIC_SetPriority
    vfdmain.o(i.VFDMainInterrupt) refers to vfdapp.o(i.VFDApp_Interrupt) for VFDApp_Interrupt
    vfdmain.o(i.VFDMainLoop) refers to vfdapp.o(i.VFDApp_Loop) for VFDApp_Loop
    vfdmain.o(i.VFDMainSetup) refers to oled.o(i.OLED_Init) for OLED_Init
    vfdmain.o(i.VFDMainSetup) refers to oled.o(i.OLED_Clear) for OLED_Clear
    vfdmain.o(i.VFDMainSetup) refers to vfddriver.o(i.VFDDriverInit) for VFDDriverInit
    vfdmain.o(i.VFDMainSetup) refers to vfdapp.o(i.VFDApp_Setup) for VFDApp_Setup
    vfdapp.o(i.DateStateFunc) refers to memcpya.o(.text) for __aeabi_memcpy
    vfdapp.o(i.DateStateFunc) refers to printfa.o(i.__0sprintf) for __2sprintf
    vfdapp.o(i.DateStateFunc) refers to oled.o(i.OLED_ShowString) for OLED_ShowString
    vfdapp.o(i.DateStateFunc) refers to keyboard.o(i.getKey_Ctrl) for getKey_Ctrl
[...]
    Removing stm32f1xx_hal_flash_ex.o(i.FLASH_MassErase), (116 bytes).
    Removing stm32f1xx_hal_flash_ex.o(i.FLASH_OB_DisableWRP), (256 bytes).
    Removing stm32f1xx_hal_flash_ex.o(i.FLASH_OB_EnableWRP), (256 bytes).
    Removing stm32f1xx_hal_flash_ex.o(i.FLASH_OB_GetRDP), (24 bytes).
    Removing stm32f1xx_hal_flash_ex.o(i.FLASH_OB_ProgramData), (156 bytes).
    Removing stm32f1xx_hal_flash_ex.o(i.FLASH_OB_RDP_LevelConfig), (180 bytes).
    Removing stm32f1xx_hal_flash_ex.o(i.FLASH_OB_UserConfig), (68 bytes).
    Removing stm32f1xx_hal_flash_ex.o(i.FLASH_PageErase), (36 bytes).
    Removing stm32f1xx_hal_flash_ex.o(i.HAL_FLASHEx_Erase), (420 bytes).
    Removing stm32f1xx_hal_flash_ex.o(i.HAL_FLASHEx_Erase_IT), (352 bytes).
    Removing stm32f1xx_hal_flash_ex.o(i.HAL_FLASHEx_OBErase), (84 bytes).
    Removing stm32f1xx_hal_flash_ex.o(i.HAL_FLASHEx_OBGetConfig), (36 bytes).
    Removing stm32f1xx_hal_flash_ex.o(i.HAL_FLASHEx_OBGetUserData), (32 bytes).
    Removing stm32f1xx_hal_flash_ex.o(i.HAL_FLASHEx_OBProgram), (224 bytes).
    Removing system_stm32f1xx.o(.rev16_text), (4 bytes).
    Removing system_stm32f1xx.o(.revsh_text), (4 bytes).
    Removing system_stm32f1xx.o(.rrx_text), (6 bytes).
    Removing system_stm32f1xx.o(i.SystemCoreClockUpdate), (104 bytes).

376 unused section(s) (total 38220 bytes) removed from the image.

==============================================================================

Image Symbol Table

    Local Symbols

    Symbol Name                              Value     Ov Type        Size  Object(Section)

    ../Core/Src/gpio.c                       0x00000000   Number         0  gpio.o ABSOLUTE
    ../Core/Src/main.c                       0x00000000   Number         0  main.o ABSOLUTE
    ../Core/Src/stm32f1xx_hal_msp.c          0x00000000   Number         0  stm32f1xx_hal_msp.o ABSOLUTE
    ../Core/Src/stm32f1xx_it.c               0x00000000   Number         0  stm32f1xx_it.o ABSOLUTE
    ../Core/Src/system_stm32f1xx.c           0x00000000   Number         0  system_stm32f1xx.o ABSOLUTE
    ../Core/Src/tim.c                        0x00000000   Number         0  tim.o ABSOLUTE
    ../Core/Src/usart.c                      0x00000000   Number         0  usart.o ABSOLUTE
    ../Drivers/STM32F1xx_HAL_Driver/Src/stm32f1xx_hal.c 0x00000000   Number         0  stm32f1xx_hal.o ABSOLUTE
    ../Drivers/STM32F1xx_HAL_Driver/Src/stm32f1xx_hal_cortex.c 0x00000000   Number         0  stm32f1xx_hal_cortex.o ABSOLUTE
    ../Drivers/STM32F1xx_HAL_Driver/Src/stm32f1xx_hal_dma.c 0x00000000   Number         0  stm32f1xx_hal_dma.o ABSOLUTE
    ../Drivers/STM32F1xx_HAL_Driver/Src/stm32f1xx_hal_flash.c 0x00000000   Number         0  stm32f1xx_hal_flash.o ABSOLUTE
    ../Drivers/STM32F1xx_HAL_Driver/Src/stm32f1xx_hal_flash_ex.c 0x00000000   Number         0  stm32f1xx_hal_flash_ex.o ABSOLUTE
    ../Drivers/STM32F1xx_HAL_Driver/Src/stm32f1xx_hal_gpio.c 0x00000000   Number         0  stm32f1xx_hal_gpio.o ABSOLUTE
    ../Drivers/STM32F1xx_HAL_Driver/Src/stm32f1xx_hal_gpio_ex.c 0x00000000   Number         0  stm32f1xx_hal_gpio_ex.o ABSOLUTE
    ../Drivers/STM32F1xx_HAL_Driver/Src/stm32f1xx_hal_pwr.c 0x00000000   Number         0  stm32f1xx_hal_pwr.o ABSOLUTE
    ../Drivers/STM32F1xx_HAL_Driver/Src/stm32f1xx_hal_rcc.c 0x00000000   Number         0  stm32f1xx_hal_rcc.o ABSOLUTE
    ../Drivers/STM32F1xx_HAL_Driver/Src/stm32f1xx_hal_rcc_ex.c 0x00000000   Number         0  stm32f1xx_hal_rcc_ex.o ABSOLUTE
    ../Drivers/STM32F1xx_HAL_Driver/Src/stm32f1xx_hal_tim.c 0x00000000   Number         0  stm32f1xx_hal_tim.o ABSOLUTE
    ../Drivers/STM32F1xx_HAL_Driver/Src/stm32f1xx_hal_tim_ex.c 0x00000000   Number         0  stm32f1xx_hal_tim_ex.o ABSOLUTE
    ../Drivers/STM32F1xx_HAL_Driver/Src/stm32f1xx_hal_uart.c 0x00000000   Number         0  stm32f1xx_hal_uart.o ABSOLUTE
    ../clib/../cmprslib/zerorunl2.c          0x00000000   Number         0  __dczerorl2.o ABSOLUTE
    ../clib/microlib/division.c              0x00000000   Number         0  uldiv.o ABSOLUTE
    ../clib/microlib/division.c              0x00000000   Number         0  uidiv.o ABSOLUTE
    ../clib/microlib/init/entry.s            0x00000000   Number         0  entry11b.o ABSOLUTE
    ../clib/microlib/init/entry.s            0x00000000   Number         0  entry8b.o ABSOLUTE
    ../clib/microlib/init/entry.s            0x00000000   Number         0  entry.o ABSOLUTE
    ../clib/microlib/init/entry.s            0x00000000   Number         0  entry11a.o ABSOLUTE
    ../clib/microlib/init/entry.s            0x00000000   Number         0  entry5.o ABSOLUTE
    ../clib/microlib/init/entry.s            0x00000000   Number         0  entry2.o ABSOLUTE
    ../clib/microlib/init/entry.s            0x00000000   Number         0  entry9b.o ABSOLUTE
    ../clib/microlib/init/entry.s            0x00000000   Number         0  entry7a.o ABSOLUTE
    ../clib/microlib/init/entry.s            0x00000000   Number         0  entry7b.o ABSOLUTE
    ../clib/microlib/init/entry.s            0x00000000   Number         0  entry8a.o ABSOLUTE
    ../clib/microlib/init/entry.s            0x00000000   Number         0  entry10b.o ABSOLUTE
    ../clib/microlib/init/entry.s            0x00000000   Number         0  entry9a.o ABSOLUTE
    ../clib/microlib/init/entry.s            0x00000000   Number         0  entry10a.o ABSOLUTE
    ../clib/microlib/longlong.c              0x00000000   Number         0  llushr.o ABSOLUTE
    ../clib/microlib/longlong.c              0x00000000   Number         0  llsshr.o ABSOLUTE
    ../clib/microlib/longlong.c              0x00000000   Number         0  llshl.o ABSOLUTE
    ../clib/microlib/printf/printf.c         0x00000000   Number         0  printfa.o ABSOLUTE
    ../clib/microlib/printf/printf.c         0x00000000   Number         0  printfb.o ABSOLUTE
    ../clib/microlib/printf/printf.c         0x00000000   Number         0  printf2.o ABSOLUTE
    ../clib/microlib/printf/printf.c         0x00000000   Number         0  printf4.o ABSOLUTE
    ../clib/microlib/printf/printf.c         0x00000000   Number         0  printf0.o ABSOLUTE
    ../clib/microlib/printf/printf.c         0x00000000   Number         0  printf1.o ABSOLUTE
    ../clib/microlib/printf/printf.c         0x00000000   Number         0  printf3.o ABSOLUTE
    ../clib/microlib/printf/printf.c         0x00000000   Number         0  printf5.o ABSOLUTE
    ../clib/microlib/printf/printf.c         0x00000000   Number         0  printf6.o ABSOLUTE
    ../clib/microlib/printf/printf.c         0x00000000   Number         0  printf7.o ABSOLUTE
    ../clib/microlib/printf/printf.c         0x00000000   Number         0  printf8.o ABSOLUTE
    ../clib/microlib/printf/stubs.s          0x00000000   Number         0  stubs.o ABSOLUTE
    ../clib/microlib/stdio/fputc.c           0x00000000   Number         0  fputc.o ABSOLUTE
    ../clib/microlib/stdio/semi.s            0x00000000   Number         0  semi.o ABSOLUTE
    ../clib/microlib/stdio/streams.c         0x00000000   Number         0  stdout.o ABSOLUTE
    ../clib/microlib/string/memcpy.c         0x00000000   Number         0  memcpyb.o ABSOLUTE
    ../clib/microlib/string/memcpy.c         0x00000000   Number         0  memcpya.o ABSOLUTE
    ../clib/microlib/stubs.s                 0x00000000   Number         0  iusefp.o ABSOLUTE
    ../clib/microlib/stubs.s                 0x00000000   Number         0  iusesemip.o ABSOLUTE
    ../fplib/microlib/f2d.c                  0x00000000   Number         0  f2d.o ABSOLUTE
    ../fplib/microlib/fpadd.c                0x00000000   Number         0  dadd.o ABSOLUTE
    ../fplib/microlib/fpadd.c                0x00000000   Number         0  fadd.o ABSOLUTE
    ../fplib/microlib/fpdiv.c                0x00000000   Number         0  ddiv.o ABSOLUTE
    ../fplib/microlib/fpepilogue.c           0x00000000   Number         0  fepilogue.o ABSOLUTE
    ../fplib/microlib/fpepilogue.c           0x00000000   Number         0  depilogue.o ABSOLUTE
    ../fplib/microlib/fpfix.c                0x00000000   Number         0  dfixul.o ABSOLUTE
    ../fplib/microlib/fpflt.c                0x00000000   Number         0  ffltui.o ABSOLUTE
    ../fplib/microlib/fpmul.c                0x00000000   Number         0  dmul.o ABSOLUTE
    ../fplib/microlib/fpscalb.c              0x00000000   Number         0  fscalb.o ABSOLUTE
    ..\Application\Hardware\src\DS3231.c     0x00000000   Number         0  ds3231.o ABSOLUTE
    ..\Application\Hardware\src\VFDDriver.c  0x00000000   Number         0  vfddriver.o ABSOLUTE
    ..\Application\Hardware\src\esp8266.c    0x00000000   Number         0  esp8266.o ABSOLUTE
    ..\Application\Hardware\src\keyBoard.c   0x00000000   Number         0  keyboard.o ABSOLUTE
    ..\Application\Hardware\src\oled.c       0x00000000   Number         0  oled.o ABSOLUTE
    ..\Application\VFDApp\src\VFDApp.c       0x00000000   Number         0  vfdapp.o ABSOLUTE
    ..\Application\VFDApp\src\VFDMain.c      0x00000000   Number         0  vfdmain.o ABSOLUTE
    ..\Core\Src\gpio.c                       0x00000000   Number         0  gpio.o ABSOLUTE
    ..\Core\Src\main.c                       0x00000000   Number         0  main.o ABSOLUTE
    ..\Core\Src\stm32f1xx_hal_msp.c          0x00000000   Number         0  stm32f1xx_hal_msp.o ABSOLUTE
    ..\Core\Src\stm32f1xx_it.c               0x00000000   Number         0  stm32f1xx_it.o ABSOLUTE
    ..\Core\Src\system_stm32f1xx.c           0x00000000   Number         0  system_stm32f1xx.o ABSOLUTE
    ..\Core\Src\tim.c                        0x00000000   Number         0  tim.o ABSOLUTE
    ..\Core\Src\usart.c                      0x00000000   Number         0  usart.o ABSOLUTE
    ..\Drivers\STM32F1xx_HAL_Driver\Src\stm32f1xx_hal.c 0x00000000   Number         0  stm32f1xx_hal.o ABSOLUTE
    ..\Drivers\STM32F1xx_HAL_Driver\Src\stm32f1xx_hal_cortex.c 0x00000000   Number         0  stm32f1xx_hal_cortex.o ABSOLUTE
    ..\Drivers\STM32F1xx_HAL_Driver\Src\stm32f1xx_hal_dma.c 0x00000000   Number         0  stm32f1xx_hal_dma.o ABSOLUTE
    ..\Drivers\STM32F1xx_HAL_Driver\Src\stm32f1xx_hal_flash.c 0x00000000   Number         0  stm32f1xx_hal_flash.o ABSOLUTE
    ..\Drivers\STM32F1xx_HAL_Driver\Src\stm32f1xx_hal_flash_ex.c 0x00000000   Number         0  stm32f1xx_hal_flash_ex.o ABSOLUTE
    ..\Drivers\STM32F1xx_HAL_Driver\Src\stm32f1xx_hal_gpio.c 0x00000000   Number         0  stm32f1xx_hal_gpio.o ABSOLUTE
    ..\Drivers\STM32F1xx_HAL_Driver\Src\stm32f1xx_hal_gpio_ex.c 0x00000000   Number         0  stm32f1xx_hal_gpio_ex.o ABSOLUTE
    ..\Drivers\STM32F1xx_HAL_Driver\Src\stm32f1xx_hal_pwr.c 0x00000000   Number         0  stm32f1xx_hal_pwr.o ABSOLUTE
    ..\Drivers\STM32F1xx_HAL_Driver\Src\stm32f1xx_hal_rcc.c 0x00000000   Number         0  stm32f1xx_hal_rcc.o ABSOLUTE
    ..\Drivers\STM32F1xx_HAL_Driver\Src\stm32f1xx_hal_rcc_ex.c 0x00000000   Number         0  stm32f1xx_hal_rcc_ex.o ABSOLUTE
    ..\Drivers\STM32F1xx_HAL_Driver\Src\stm32f1xx_hal_tim.c 0x00000000   Number         0  stm32f1xx_hal_tim.o ABSOLUTE
    ..\Drivers\STM32F1xx_HAL_Driver\Src\stm32f1xx_hal_tim_ex.c 0x00000000   Number         0  stm32f1xx_hal_tim_ex.o ABSOLUTE
    ..\Drivers\STM32F1xx_HAL_Driver\Src\stm32f1xx_hal_uart.c 0x00000000   Number         0  stm32f1xx_hal_uart.o ABSOLUTE
    ..\\Application\\Hardware\\src\\DS3231.c 0x00000000   Number         0  ds3231.o ABSOLUTE
    ..\\Application\\Hardware\\src\\VFDDriver.c 0x00000000   Number         0  vfddriver.o ABSOLUTE
    ..\\Application\\Hardware\\src\\esp8266.c 0x00000000   Number         0  esp8266.o ABSOLUTE
    ..\\Application\\Hardware\\src\\keyBoard.c 0x00000000   Number         0  keyboard.o ABSOLUTE
    ..\\Application\\Hardware\\src\\oled.c   0x00000000   Number         0  oled.o ABSOLUTE
    ..\\Application\\VFDApp\\src\\VFDApp.c   0x00000000   Number         0  vfdapp.o ABSOLUTE
    ..\\Application\\VFDApp\\src\\VFDMain.c  0x00000000   Number         0  vfdmain.o ABSOLUTE
    cdrcmple.s                               0x00000000   Number         0  cdrcmple.o ABSOLUTE
    dc.s                                     0x00000000   Number         0  dc.o ABSOLUTE
    handlers.s                               0x00000000   Number         0  handlers.o ABSOLUTE
    init.s                                   0x00000000   Number         0  init.o ABSOLUTE
    startup_stm32f103xb.s                    0x00000000   Number         0  startup_stm32f103xb.o ABSOLUTE
    RESET                                    0x08000000   Section      236  startup_stm32f103xb.o(RESET)
    .ARM.Collect$$$$00000000                 0x080000ec   Section        0  entry.o(.ARM.Collect$$$$00000000)
    .ARM.Collect$$$$00000001                 0x080000ec   Section        4  entry2.o(.ARM.Collect$$$$00000001)
    .ARM.Collect$$$$00000004                 0x080000f0   Section        4  entry5.o(.ARM.Collect$$$$00000004)
    .ARM.Collect$$$$00000008                 0x080000f4   Section        0  entry7b.o(.ARM.Collect$$$$00000008)
    .ARM.Collect$$$$0000000A                 0x080000f4   Section        0  entry8b.o(.ARM.Collect$$$$0000000A)
    .ARM.Collect$$$$0000000B                 0x080000f4   Section        8  entry9a.o(.ARM.Collect$$$$0000000B)
    .ARM.Collect$$$$0000000D                 0x080000fc   Section        0  entry10a.o(.ARM.Collect$$$$0000000D)
    .ARM.Collect$$$$0000000F                 0x080000fc   Section        0  entry11a.o(.ARM.Collect$$$$0000000F)
    .ARM.Collect$$$$00002712                 0x080000fc   Section        4  entry2.o(.ARM.Collect$$$$00002712)
    __lit__00000000                          0x080000fc   Data           4  entry2.o(.ARM.Collect$$$$00002712)
    .text                                    0x08000100   Section       36  startup_stm32f103xb.o(.text)
    .text                                    0x08000124   Section        0  llushr.o(.text)
    .text                                    0x08000144   Section        0  memcpya.o(.text)
    .text                                    0x08000168   Section        0  fadd.o(.text)
    .text                                    0x08000218   Section        0  fscalb.o(.text)
    .text                                    0x08000230   Section        0  ffltui.o(.text)
    .text                                    0x0800023a   Section        0  f2d.o(.text)
    .text                                    0x08000260   Section        0  uidiv.o(.text)
    .text                                    0x0800028c   Section        0  uldiv.o(.text)
    .text                                    0x080002ee   Section        0  iusefp.o(.text)
    .text                                    0x080002ee   Section        0  fepilogue.o(.text)
    .text                                    0x0800035c   Section        0  dadd.o(.text)
    .text                                    0x080004aa   Section        0  dmul.o(.text)
    .text                                    0x0800058e   Section        0  ddiv.o(.text)
    .text                                    0x0800066c   Section        0  dfixul.o(.text)
    .text                                    0x0800069c   Section       48  cdrcmple.o(.text)
    .text                                    0x080006cc   Section       36  init.o(.text)
    .text                                    0x080006f0   Section        0  llshl.o(.text)
    .text                                    0x0800070e   Section        0  llsshr.o(.text)
    .text                                    0x08000732   Section        0  depilogue.o(.text)
    .text                                    0x080007ec   Section        0  __dczerorl2.o(.text)
    i.BusFault_Handler                       0x08000842   Section        0  stm32f1xx_it.o(i.BusFault_Handler)
    i.DS3231_IIC_Ack                         0x08000844   Section        0  ds3231.o(i.DS3231_IIC_Ack)
    i.DS3231_IIC_Read_Byte                   0x0800087c   Section        0  ds3231.o(i.DS3231_IIC_Read_Byte)
    i.DS3231_IIC_Start                       0x080008d4   Section        0  ds3231.o(i.DS3231_IIC_Start)
    i.DS3231_IIC_Stop                        0x0800090c   Section        0  ds3231.o(i.DS3231_IIC_Stop)
    i.DS3231_IIC_Write_Byte                  0x0800093c   Section        0  ds3231.o(i.DS3231_IIC_Write_Byte)
    i.DS3231_Operate_Register                0x080009b8   Section        0  ds3231.o(i.DS3231_Operate_Register)
    i.DS3231_ReadWrite_Time                  0x08000a38   Section        0  ds3231.o(i.DS3231_ReadWrite_Time)
    i.DS3231_Read_Byte                       0x08000b98   Section        0  ds3231.o(i.DS3231_Read_Byte)
    i.DS3231_Read_Temp                       0x08000bcc   Section        0  ds3231.o(i.DS3231_Read_Temp)
    i.DateStateFunc                          0x08000c2c   Section        0  vfdapp.o(i.DateStateFunc)
    i.DayStateFunc                           0x08000f68   Section        0  vfdapp.o(i.DayStateFunc)
    i.DebugMon_Handler                       0x08001118   Section        0  stm32f1xx_it.o(i.DebugMon_Handler)
    i.DownNumDisplay                         0x0800111c   Section        0  vfdapp.o(i.DownNumDisplay)
    i.GetTimeValue                           0x080011a0   Section        0  vfdapp.o(i.GetTimeValue)
    i.HAL_DMA_Abort_IT                       0x080011c4   Section        0  stm32f1xx_hal_dma.o(i.HAL_DMA_Abort_IT)
    i.HAL_Delay                              0x0800125c   Section        0  stm32f1xx_hal.o(i.HAL_Delay)
    i.HAL_GPIO_Init                          0x08001280   Section        0  stm32f1xx_hal_gpio.o(i.HAL_GPIO_Init)
    i.HAL_GPIO_ReadPin                       0x080015a8   Section        0  stm32f1xx_hal_gpio.o(i.HAL_GPIO_ReadPin)
    i.HAL_GPIO_WritePin                      0x08001600   Section        0  stm32f1xx_hal_gpio.o(i.HAL_GPIO_WritePin)
    i.HAL_GetTick                            0x0800166c   Section        0  stm32f1xx_hal.o(i.HAL_GetTick)
    i.HAL_IncTick                            0x08001678   Section        0  stm32f1xx_hal.o(i.HAL_IncTick)
    i.HAL_Init                               0x08001688   Section        0  stm32f1xx_hal.o(i.HAL_Init)
    i.HAL_InitTick                           0x080016ac   Section        0  stm32f1xx_hal.o(i.HAL_InitTick)
    i.HAL_MspInit                            0x080016ec   Section        0  stm32f1xx_hal_msp.o(i.HAL_MspInit)
    i.HAL_NVIC_EnableIRQ                     0x0800177c   Section        0  stm32f1xx_hal_cortex.o(i.HAL_NVIC_EnableIRQ)
    i.HAL_NVIC_SetPriority                   0x080017dc   Section        0  stm32f1xx_hal_cortex.o(i.HAL_NVIC_SetPriority)
    i.HAL_NVIC_SetPriorityGrouping           0x0800187c   Section        0  stm32f1xx_hal_cortex.o(i.HAL_NVIC_SetPriorityGrouping)
    i.HAL_RCC_ClockConfig                    0x080018fc   Section        0  stm32f1xx_hal_rcc.o(i.HAL_RCC_ClockConfig)
    i.HAL_RCC_GetHCLKFreq                    0x08001b58   Section        0  stm32f1xx_hal_rcc.o(i.HAL_RCC_GetHCLKFreq)
    i.HAL_RCC_GetPCLK1Freq                   0x08001b64   Section        0  stm32f1xx_hal_rcc.o(i.HAL_RCC_GetPCLK1Freq)
    i.HAL_RCC_GetPCLK2Freq                   0x08001b84   Section        0  stm32f1xx_hal_rcc.o(i.HAL_RCC_GetPCLK2Freq)
    i.HAL_RCC_GetSysClockFreq                0x08001ba4   Section        0  stm32f1xx_hal_rcc.o(i.HAL_RCC_GetSysClockFreq)
    i.HAL_RCC_OscConfig                      0x08001c10   Section        0  stm32f1xx_hal_rcc.o(i.HAL_RCC_OscConfig)
    i.HAL_SYSTICK_CLKSourceConfig            0x0800208c   Section        0  stm32f1xx_hal_cortex.o(i.HAL_SYSTICK_CLKSourceConfig)
    i.HAL_SYSTICK_Callback                   0x080020f0   Section        0  stm32f1xx_hal_cortex.o(i.HAL_SYSTICK_Callback)
    i.HAL_SYSTICK_Config                     0x080020f2   Section        0  stm32f1xx_hal_cortex.o(i.HAL_SYSTICK_Config)
    i.HAL_SYSTICK_IRQHandler                 0x0800211a   Section        0  stm32f1xx_hal_cortex.o(i.HAL_SYSTICK_IRQHandler)
    i.HAL_TIMEx_BreakCallback                0x08002122   Section        0  stm32f1xx_hal_tim_ex.o(i.HAL_TIMEx_BreakCallback)
    i.HAL_TIMEx_CommutationCallback          0x08002124   Section        0  stm32f1xx_hal_tim_ex.o(i.HAL_TIMEx_CommutationCallback)
    i.HAL_TIMEx_MasterConfigSynchronization  0x08002128   Section        0  stm32f1xx_hal_tim_ex.o(i.HAL_TIMEx_MasterConfigSynchronization)
    i.HAL_TIM_Base_Init                      0x08002224   Section        0  stm32f1xx_hal_tim.o(i.HAL_TIM_Base_Init)
    i.HAL_TIM_Base_MspInit                   0x08002304   Section        0  tim.o(i.HAL_TIM_Base_MspInit)
    i.HAL_TIM_Base_Start_IT                  0x08002340   Section        0  stm32f1xx_hal_tim.o(i.HAL_TIM_Base_Start_IT)
    i.HAL_TIM_ConfigClockSource              0x080023c4   Section        0  stm32f1xx_hal_tim.o(i.HAL_TIM_ConfigClockSource)
    i.HAL_TIM_IC_CaptureCallback             0x08002770   Section        0  stm32f1xx_hal_tim.o(i.HAL_TIM_IC_CaptureCallback)
    i.HAL_TIM_IRQHandler                     0x08002772   Section        0  stm32f1xx_hal_tim.o(i.HAL_TIM_IRQHandler)
    i.HAL_TIM_OC_DelayElapsedCallback        0x080028d8   Section        0  stm32f1xx_hal_tim.o(i.HAL_TIM_OC_DelayElapsedCallback)
    i.HAL_TIM_PWM_PulseFinishedCallback      0x080028da   Section        0  stm32f1xx_hal_tim.o(i.HAL_TIM_PWM_PulseFinishedCallback)
    i.HAL_TIM_PeriodElapsedCallback          0x080028dc   Section        0  stm32f1xx_hal_tim.o(i.HAL_TIM_PeriodElapsedCallback)
    i.HAL_TIM_TriggerCallback                0x080028de   Section        0  stm32f1xx_hal_tim.o(i.HAL_TIM_TriggerCallback)
    i.HAL_UART_ErrorCallback                 0x080028e0   Section        0  stm32f1xx_hal_uart.o(i.HAL_UART_ErrorCallback)
    i.HAL_UART_IRQHandler                    0x080028e4   Section        0  stm32f1xx_hal_uart.o(i.HAL_UART_IRQHandler)
    i.HAL_UART_Init                          0x080029f4   Section        0  stm32f1xx_hal_uart.o(i.HAL_UART_Init)
    i.HAL_UART_MspInit                       0x08002b08   Section        0  usart.o(i.HAL_UART_MspInit)
    i.HAL_UART_RxCpltCallback                0x08002b70   Section        0  stm32f1xx_hal_uart.o(i.HAL_UART_RxCpltCallback)
    i.HAL_UART_TxCpltCallback                0x08002b72   Section        0  stm32f1xx_hal_uart.o(i.HAL_UART_TxCpltCallback)
    i.HardFault_Handler                      0x08002b74   Section        0  stm32f1xx_it.o(i.HardFault_Handler)
    i.IIC_SDA_IN                             0x08002b78   Section        0  ds3231.o(i.IIC_SDA_IN)
    i.IIC_SDA_OUT                            0x08002ba0   Section        0  ds3231.o(i.IIC_SDA_OUT)
    i.IIC_Start                              0x08002bcc   Section        0  oled.o(i.IIC_Start)
    i.IIC_Stop                               0x08002c04   Section        0  oled.o(i.IIC_Stop)
    i.IIC_Wait_Ack                           0x08002c30   Section        0  oled.o(i.IIC_Wait_Ack)
    i.InfoDisplay                            0x08002c54   Section        0  vfdapp.o(i.InfoDisplay)
    i.KeyStateDisplay                        0x08002d34   Section        0  vfdapp.o(i.KeyStateDisplay)
    i.LEDFlash                               0x08002dd4   Section        0  vfdapp.o(i.LEDFlash)
    i.LEDGroupCtrl                           0x08002e28   Section        0  vfddriver.o(i.LEDGroupCtrl)
    i.LEDHourAddFlash                        0x08002e40   Section        0  vfdapp.o(i.LEDHourAddFlash)
    i.MX_GPIO_Init                           0x08002ed0   Section        0  gpio.o(i.MX_GPIO_Init)
    i.MX_TIM1_Init                           0x08002fa4   Section        0  tim.o(i.MX_TIM1_Init)
    i.MX_USART2_UART_Init                    0x08003020   Section        0  usart.o(i.MX_USART2_UART_Init)
    i.MainFunctionChose                      0x08003070   Section        0  vfdapp.o(i.MainFunctionChose)
    i.MemManage_Handler                      0x08003168   Section        0  stm32f1xx_it.o(i.MemManage_Handler)
    i.NMI_Handler                            0x0800316a   Section        0  stm32f1xx_it.o(i.NMI_Handler)
    i.NVIC_SetPriority                       0x0800316c   Section        0  stm32f1xx_hal_cortex.o(i.NVIC_SetPriority)
    NVIC_SetPriority                         0x0800316d   Thumb Code    32  stm32f1xx_hal_cortex.o(i.NVIC_SetPriority)
    i.NormalDisModeChange                    0x0800318c   Section        0  vfdapp.o(i.NormalDisModeChange)
    i.NumSymbolCtrl                          0x080031ec   Section        0  vfddriver.o(i.NumSymbolCtrl)
    i.OLED_Clear                             0x08003218   Section        0  oled.o(i.OLED_Clear)
    i.OLED_DrawBMP                           0x08003252   Section        0  oled.o(i.OLED_DrawBMP)
    i.OLED_Init                              0x08003292   Section        0  oled.o(i.OLED_Init)
    i.OLED_Set_Pos                           0x0800337c   Section        0  oled.o(i.OLED_Set_Pos)
    i.OLED_ShowChar                          0x080033a8   Section        0  oled.o(i.OLED_ShowChar)
    i.OLED_ShowString                        0x08003408   Section        0  oled.o(i.OLED_ShowString)
    i.OLED_WR_Byte                           0x0800343e   Section        0  oled.o(i.OLED_WR_Byte)
    i.PendSV_Handler                         0x0800344a   Section        0  stm32f1xx_it.o(i.PendSV_Handler)
    i.RightNumCtrl                           0x0800344c   Section        0  vfddriver.o(i.RightNumCtrl)
    i.RightNumdisplay                        0x080034cc   Section        0  vfdapp.o(i.RightNumdisplay)
    i.SVC_Handler                            0x08003578   Section        0  stm32f1xx_it.o(i.SVC_Handler)
    i.SymbolFlash                            0x0800357c   Section        0  vfdapp.o(i.SymbolFlash)
    i.SysTick_Handler                        0x080035d8   Section        0  stm32f1xx_it.o(i.SysTick_Handler)
    i.SystemClock_Config                     0x080035e6   Section        0  main.o(i.SystemClock_Config)
    i.SystemInit                             0x08003650   Section        0  system_stm32f1xx.o(i.SystemInit)
    i.TIM1_UP_IRQHandler                     0x08003698   Section        0  stm32f1xx_it.o(i.TIM1_UP_IRQHandler)
    i.TIM_Base_SetConfig                     0x080036ac   Section        0  stm32f1xx_hal_tim.o(i.TIM_Base_SetConfig)
    i.TIM_ETR_SetConfig                      0x08003718   Section        0  stm32f1xx_hal_tim.o(i.TIM_ETR_SetConfig)
    TIM_ETR_SetConfig                        0x08003719   Thumb Code    20  stm32f1xx_hal_tim.o(i.TIM_ETR_SetConfig)
    i.TIM_ITRx_SetConfig                     0x0800372c   Section        0  stm32f1xx_hal_tim.o(i.TIM_ITRx_SetConfig)
    TIM_ITRx_SetConfig                       0x0800372d   Thumb Code    16  stm32f1xx_hal_tim.o(i.TIM_ITRx_SetConfig)
    i.TIM_TI1_ConfigInputStage               0x0800373c   Section        0  stm32f1xx_hal_tim.o(i.TIM_TI1_ConfigInputStage)
    TIM_TI1_ConfigInputStage                 0x0800373d   Thumb Code    34  stm32f1xx_hal_tim.o(i.TIM_TI1_ConfigInputStage)
    i.TIM_TI2_ConfigInputStage               0x0800375e   Section        0  stm32f1xx_hal_tim.o(i.TIM_TI2_ConfigInputStage)
    TIM_TI2_ConfigInputStage                 0x0800375f   Thumb Code    36  stm32f1xx_hal_tim.o(i.TIM_TI2_ConfigInputStage)
    i.TimeDateConfig                         0x08003784   Section        0  vfdapp.o(i.TimeDateConfig)
    i.TimeStateFunc                          0x080038c0   Section        0  vfdapp.o(i.TimeStateFunc)
    i.Time_Handle                            0x08003c34   Section        0  ds3231.o(i.Time_Handle)
    i.UART_DMAAbortOnError                   0x08003cf4   Section        0  stm32f1xx_hal_uart.o(i.UART_DMAAbortOnError)
    UART_DMAAbortOnError                     0x08003cf5   Thumb Code    16  stm32f1xx_hal_uart.o(i.UART_DMAAbortOnError)
    i.UART_EndRxTransfer                     0x08003d04   Section        0  stm32f1xx_hal_uart.o(i.UART_EndRxTransfer)
    UART_EndRxTransfer                       0x08003d05   Thumb Code    28  stm32f1xx_hal_uart.o(i.UART_EndRxTransfer)
    i.UART_Receive_IT                        0x08003d20   Section        0  stm32f1xx_hal_uart.o(i.UART_Receive_IT)
    UART_Receive_IT                          0x08003d21   Thumb Code   150  stm32f1xx_hal_uart.o(i.UART_Receive_IT)
    i.UART_SetConfig                         0x08003db8   Section        0  stm32f1xx_hal_uart.o(i.UART_SetConfig)
    UART_SetConfig                           0x08003db9   Thumb Code   450  stm32f1xx_hal_uart.o(i.UART_SetConfig)
    i.UART_Transmit_IT                       0x08003fc0   Section        0  stm32f1xx_hal_uart.o(i.UART_Transmit_IT)
    UART_Transmit_IT                         0x08003fc1   Thumb Code    98  stm32f1xx_hal_uart.o(i.UART_Transmit_IT)
    i.USART2_IRQHandler                      0x08004024   Section        0  stm32f1xx_it.o(i.USART2_IRQHandler)
    i.UsageFault_Handler                     0x08004030   Section        0  stm32f1xx_it.o(i.UsageFault_Handler)
    i.VFDAllSegment                          0x08004034   Section        0  vfddriver.o(i.VFDAllSegment)
    i.VFDApp_Interrupt                       0x08004074   Section        0  vfdapp.o(i.VFDApp_Interrupt)
    i.VFDApp_Loop                            0x08004078   Section        0  vfdapp.o(i.VFDApp_Loop)
    i.VFDApp_Setup                           0x08004118   Section        0  vfdapp.o(i.VFDApp_Setup)
    i.VFDDownNumCtrl                         0x080041d8   Section        0  vfddriver.o(i.VFDDownNumCtrl)
    i.VFDDriverInit                          0x08004250   Section        0  vfddriver.o(i.VFDDriverInit)
    i.VFDDsaplayUpdate                       0x08004258   Section        0  vfddriver.o(i.VFDDsaplayUpdate)
    i.VFDGateSegmentCtrl                     0x08004288   Section        0  vfddriver.o(i.VFDGateSegmentCtrl)
    i.VFDMainInterrupt                       0x080042ec   Section        0  vfdmain.o(i.VFDMainInterrupt)
    i.VFDMainLoop                            0x080042f0   Section        0  vfdmain.o(i.VFDMainLoop)
    i.VFDMainSetup                           0x080042f4   Section        0  vfdmain.o(i.VFDMainSetup)
    i.VFDNDATEDisplay                        0x0800431c   Section        0  vfdapp.o(i.VFDNDATEDisplay)
    i.VFDNTIMEDisplay                        0x0800437c   Section        0  vfdapp.o(i.VFDNTIMEDisplay)
    i.VFDNumSegment                          0x080043dc   Section        0  vfddriver.o(i.VFDNumSegment)
    i.VFDOutputCtrl                          0x08004448   Section        0  vfddriver.o(i.VFDOutputCtrl)
    i.VFDStateDisplay                        0x08004484   Section        0  vfdapp.o(i.VFDStateDisplay)
    i.VFDTEMPDisplay                         0x080045c8   Section        0  vfdapp.o(i.VFDTEMPDisplay)
    i.WordDisCtrl                            0x08004610   Section        0  vfddriver.o(i.WordDisCtrl)
    i.Write_IIC_Byte                         0x080046dc   Section        0  oled.o(i.Write_IIC_Byte)
    i.Write_IIC_Command                      0x08004738   Section        0  oled.o(i.Write_IIC_Command)
    i.Write_IIC_Data                         0x08004766   Section        0  oled.o(i.Write_IIC_Data)
    i._Error_Handler                         0x08004794   Section        0  main.o(i._Error_Handler)
    i.__0sprintf                             0x08004798   Section        0  printfa.o(i.__0sprintf)
    i.__scatterload_copy                     0x080047c0   Section       14  handlers.o(i.__scatterload_copy)
    i.__scatterload_null                     0x080047ce   Section        2  handlers.o(i.__scatterload_null)
    i.__scatterload_zeroinit                 0x080047d0   Section       14  handlers.o(i.__scatterload_zeroinit)
    i._fp_digits                             0x080047e0   Section        0  printfa.o(i._fp_digits)
    _fp_digits                               0x080047e1   Thumb Code   366  printfa.o(i._fp_digits)
    i._printf_core                           0x08004964   Section        0  printfa.o(i._printf_core)
    _printf_core                             0x08004965   Thumb Code  1744  printfa.o(i._printf_core)
    i._printf_post_padding                   0x08005040   Section        0  printfa.o(i._printf_post_padding)
    _printf_post_padding                     0x08005041   Thumb Code    36  printfa.o(i._printf_post_padding)
    i._printf_pre_padding                    0x08005064   Section        0  printfa.o(i._printf_pre_padding)
    _printf_pre_padding                      0x08005065   Thumb Code    46  printfa.o(i._printf_pre_padding)
    i._sputc                                 0x08005092   Section        0  printfa.o(i._sputc)
    _sputc                                   0x08005093   Thumb Code    10  printfa.o(i._sputc)
    i.assert_failed                          0x0800509c   Section        0  main.o(i.assert_failed)
    i.getKey_Ctrl                            0x080050a0   Section        0  keyboard.o(i.getKey_Ctrl)
    i.main                                   0x080050e4   Section        0  main.o(i.main)
    .constdata                               0x08005102   Section     2048  vfdapp.o(.constdata)
    .constdata                               0x08005902   Section       16  system_stm32f1xx.o(.constdata)
    .constdata                               0x08005912   Section        8  system_stm32f1xx.o(.constdata)
    .data                                    0x20000000   Section       42  vfdapp.o(.data)
    lastnum                                  0x20000002   Data           1  vfdapp.o(.data)
    lasttime                                 0x20000003   Data           1  vfdapp.o(.data)
    lastsec                                  0x20000004   Data           1  vfdapp.o(.data)
    lasthour                                 0x20000005   Data           1  vfdapp.o(.data)
    lastkey                                  0x20000006   Data           1  vfdapp.o(.data)
    cursor                                   0x20000007   Data           1  vfdapp.o(.data)
    cursor                                   0x20000008   Data           1  vfdapp.o(.data)
    cursor                                   0x20000009   Data           1  vfdapp.o(.data)
    flag_now                                 0x2000000a   Data           1  vfdapp.o(.data)
    cursor                                   0x2000000b   Data           1  vfdapp.o(.data)
    flag_now                                 0x2000000c   Data           1  vfdapp.o(.data)
    lastkey                                  0x2000000d   Data           1  vfdapp.o(.data)
    flag_now                                 0x2000000e   Data           1  vfdapp.o(.data)
    cursor                                   0x2000000f   Data           1  vfdapp.o(.data)
    lasttick                                 0x20000010   Data           4  vfdapp.o(.data)
    lasttick                                 0x20000014   Data           4  vfdapp.o(.data)
    histTick                                 0x20000018   Data           4  vfdapp.o(.data)
    lasttick                                 0x2000001c   Data           4  vfdapp.o(.data)
    lasttick                                 0x20000020   Data           4  vfdapp.o(.data)
    num                                      0x20000024   Data           6  vfdapp.o(.data)
    .data                                    0x2000002a   Section       30  ds3231.o(.data)
    .data                                    0x20000048   Section      546  oled.o(.data)
    .data                                    0x2000026c   Section       18  vfddriver.o(.data)
    gate                                     0x2000026c   Data           1  vfddriver.o(.data)
    num                                      0x2000026d   Data           1  vfddriver.o(.data)
    num                                      0x2000026e   Data           1  vfddriver.o(.data)
    num                                      0x2000026f   Data           1  vfddriver.o(.data)
    dat                                      0x20000270   Data           4  vfddriver.o(.data)
    num                                      0x20000274   Data           4  vfddriver.o(.data)
    .data                                    0x20000280   Section       12  stm32f1xx_hal.o(.data)
    .data                                    0x2000028c   Section        4  system_stm32f1xx.o(.data)
    .bss                                     0x20000290   Section       64  tim.o(.bss)
    .bss                                     0x200002d0   Section       64  usart.o(.bss)
    .bss                                     0x20000310   Section       51  vfdapp.o(.bss)
    timeVal                                  0x20000310   Data          17  vfdapp.o(.bss)
    timeVal                                  0x20000321   Data          17  vfdapp.o(.bss)
    timeVal                                  0x20000332   Data          17  vfdapp.o(.bss)
    .bss                                     0x20000343   Section       17  ds3231.o(.bss)
    .bss                                     0x20000354   Section      160  vfddriver.o(.bss)
    STACK                                    0x200003f8   Section     1024  startup_stm32f103xb.o(STACK)

    Global Symbols

    Symbol Name                              Value     Ov Type        Size  Object(Section)

    BuildAttributes$$THM_ISAv4$P$D$K$B$S$PE$A:L22UL41UL21$X:L11$S22US41US21$IEEE1$IW$USESV6$~STKCKD$USESV7$~SHL$OTIME$ROPI$EBA8$MICROLIB$REQ8$PRES8$EABIv2 0x00000000   Number         0  anon$$obj.o ABSOLUTE
    __ARM_use_no_argv                        0x00000000   Number         0  main.o ABSOLUTE
    _printf_a                                0x00000000   Number         0  stubs.o ABSOLUTE
    _printf_c                                0x00000000   Number         0  stubs.o ABSOLUTE
    _printf_charcount                        0x00000000   Number         0  stubs.o ABSOLUTE
    _printf_d                                0x00000000   Number         0  stubs.o ABSOLUTE
    _printf_e                                0x00000000   Number         0  stubs.o ABSOLUTE
    _printf_f                                0x00000000   Number         0  stubs.o ABSOLUTE
    _printf_flags                            0x00000000   Number         0  stubs.o ABSOLUTE
    _printf_fp_dec                           0x00000000   Number         0  stubs.o ABSOLUTE
    _printf_fp_hex                           0x00000000   Number         0  stubs.o ABSOLUTE
    _printf_g                                0x00000000   Number         0  stubs.o ABSOLUTE
    _printf_i                                0x00000000   Number         0  stubs.o ABSOLUTE
    _printf_int_dec                          0x00000000   Number         0  stubs.o ABSOLUTE
    _printf_l                                0x00000000   Number         0  stubs.o ABSOLUTE
    _printf_lc                               0x00000000   Number         0  stubs.o ABSOLUTE
    _printf_ll                               0x00000000   Number         0  stubs.o ABSOLUTE
    _printf_lld                              0x00000000   Number         0  stubs.o ABSOLUTE
    _printf_lli                              0x00000000   Number         0  stubs.o ABSOLUTE
    _printf_llo                              0x00000000   Number         0  stubs.o ABSOLUTE
    _printf_llu                              0x00000000   Number         0  stubs.o ABSOLUTE
    _printf_llx                              0x00000000   Number         0  stubs.o ABSOLUTE
    _printf_longlong_dec                     0x00000000   Number         0  stubs.o ABSOLUTE
    _printf_longlong_hex                     0x00000000   Number         0  stubs.o ABSOLUTE
    _printf_longlong_oct                     0x00000000   Number         0  stubs.o ABSOLUTE
    _printf_ls                               0x00000000   Number         0  stubs.o ABSOLUTE
    _printf_mbtowc                           0x00000000   Number         0  stubs.o ABSOLUTE
    _printf_n                                0x00000000   Number         0  stubs.o ABSOLUTE
    _printf_o                                0x00000000   Number         0  stubs.o ABSOLUTE
    _printf_p                                0x00000000   Number         0  stubs.o ABSOLUTE
    _printf_percent                          0x00000000   Number         0  stubs.o ABSOLUTE
    _printf_pre_padding                      0x00000000   Number         0  stubs.o ABSOLUTE
    _printf_return_value                     0x00000000   Number         0  stubs.o ABSOLUTE
    _printf_s                                0x00000000   Number         0  stubs.o ABSOLUTE
    _printf_sizespec                         0x00000000   Number         0  stubs.o ABSOLUTE
    _printf_str                              0x00000000   Number         0  stubs.o ABSOLUTE
    _printf_truncate_signed                  0x00000000   Number         0  stubs.o ABSOLUTE
    _printf_truncate_unsigned                0x00000000   Number         0  stubs.o ABSOLUTE
    _printf_u                                0x00000000   Number         0  stubs.o ABSOLUTE
    _printf_wc                               0x00000000   Number         0  stubs.o ABSOLUTE
    _printf_wctomb                           0x00000000   Number         0  stubs.o ABSOLUTE
    _printf_widthprec                        0x00000000   Number         0  stubs.o ABSOLUTE
    _printf_x                                0x00000000   Number         0  stubs.o ABSOLUTE
    __cpp_initialize__aeabi_                  - Undefined Weak Reference
    __cxa_finalize                            - Undefined Weak Reference
    _clock_init                               - Undefined Weak Reference
    _microlib_exit                            - Undefined Weak Reference
    __Vectors_Size                           0x000000ec   Number         0  startup_stm32f103xb.o ABSOLUTE
    __Vectors                                0x08000000   Data           4  startup_stm32f103xb.o(RESET)
    __Vectors_End                            0x080000ec   Data           0  startup_stm32f103xb.o(RESET)
    __main                                   0x080000ed   Thumb Code     0  entry.o(.ARM.Collect$$$$00000000)
    _main_stk                                0x080000ed   Thumb Code     0  entry2.o(.ARM.Collect$$$$00000001)
    _main_scatterload                        0x080000f1   Thumb Code     0  entry5.o(.ARM.Collect$$$$00000004)
    __main_after_scatterload                 0x080000f5   Thumb Code     0  entry5.o(.ARM.Collect$$$$00000004)
    _main_clock                              0x080000f5   Thumb Code     0  entry7b.o(.ARM.Collect$$$$00000008)
    _main_cpp_init                           0x080000f5   Thumb Code     0  entry8b.o(.ARM.Collect$$$$0000000A)
    _main_init                               0x080000f5   Thumb Code     0  entry9a.o(.ARM.Collect$$$$0000000B)
    __rt_final_cpp                           0x080000fd   Thumb Code     0  entry10a.o(.ARM.Collect$$$$0000000D)
    __rt_final_exit                          0x080000fd   Thumb Code     0  entry11a.o(.ARM.Collect$$$$0000000F)
    Reset_Handler                            0x08000101   Thumb Code     8  startup_stm32f103xb.o(.text)
    ADC1_2_IRQHandler                        0x0800011b   Thumb Code     0  startup_stm32f103xb.o(.text)
    CAN1_RX1_IRQHandler                      0x0800011b   Thumb Code     0  startup_stm32f103xb.o(.text)
    CAN1_SCE_IRQHandler                      0x0800011b   Thumb Code     0  startup_stm32f103xb.o(.text)
    DMA1_Channel1_IRQHandler                 0x0800011b   Thumb Code     0  startup_stm32f103xb.o(.text)
    DMA1_Channel2_IRQHandler                 0x0800011b   Thumb Code     0  startup_stm32f103xb.o(.text)
    DMA1_Channel3_IRQHandler                 0x0800011b   Thumb Code     0  startup_stm32f103xb.o(.text)
    DMA1_Channel4_IRQHandler                 0x0800011b   Thumb Code     0  startup_stm32f103xb.o(.text)
    DMA1_Channel5_IRQHandler                 0x0800011b   Thumb Code     0  startup_stm32f103xb.o(.text)
    DMA1_Channel6_IRQHandler                 0x0800011b   Thumb Code     0  startup_stm32f103xb.o(.text)
    DMA1_Channel7_IRQHandler                 0x0800011b   Thumb Code     0  startup_stm32f103xb.o(.text)
    EXTI0_IRQHandler                         0x0800011b   Thumb Code     0  startup_stm32f103xb.o(.text)
    EXTI15_10_IRQHandler                     0x0800011b   Thumb Code     0  startup_stm32f103xb.o(.text)
    EXTI1_IRQHandler                         0x0800011b   Thumb Code     0  startup_stm32f103xb.o(.text)
    EXTI2_IRQHandler                         0x0800011b   Thumb Code     0  startup_stm32f103xb.o(.text)
    EXTI3_IRQHandler                         0x0800011b   Thumb Code     0  startup_stm32f103xb.o(.text)
    EXTI4_IRQHandler                         0x0800011b   Thumb Code     0  startup_stm32f103xb.o(.text)
    EXTI9_5_IRQHandler                       0x0800011b   Thumb Code     0  startup_stm32f103xb.o(.text)
    FLASH_IRQHandler                         0x0800011b   Thumb Code     0  startup_stm32f103xb.o(.text)
    I2C1_ER_IRQHandler                       0x0800011b   Thumb Code     0  startup_stm32f103xb.o(.text)
    I2C1_EV_IRQHandler                       0x0800011b   Thumb Code     0  startup_stm32f103xb.o(.text)
    I2C2_ER_IRQHandler                       0x0800011b   Thumb Code     0  startup_stm32f103xb.o(.text)
    I2C2_EV_IRQHandler                       0x0800011b   Thumb Code     0  startup_stm32f103xb.o(.text)
    PVD_IRQHandler                           0x0800011b   Thumb Code     0  startup_stm32f103xb.o(.text)
    RCC_IRQHandler                           0x0800011b   Thumb Code     0  startup_stm32f103xb.o(.text)
    RTC_Alarm_IRQHandler                     0x0800011b   Thumb Code     0  startup_stm32f103xb.o(.text)
    RTC_IRQHandler                           0x0800011b   Thumb Code     0  startup_stm32f103xb.o(.text)
    SPI1_IRQHandler                          0x0800011b   Thumb Code     0  startup_stm32f103xb.o(.text)
    SPI2_IRQHandler                          0x0800011b   Thumb Code     0  startup_stm32f103xb.o(.text)
    TAMPER_IRQHandler                        0x0800011b   Thumb Code     0  startup_stm32f103xb.o(.text)
    TIM1_BRK_IRQHandler                      0x0800011b   Thumb Code     0  startup_stm32f103xb.o(.text)
    TIM1_CC_IRQHandler                       0x0800011b   Thumb Code     0  startup_stm32f103xb.o(.text)
    TIM1_TRG_COM_IRQHandler                  0x0800011b   Thumb Code     0  startup_stm32f103xb.o(.text)
    TIM2_IRQHandler                          0x0800011b   Thumb Code     0  startup_stm32f103xb.o(.text)
    TIM3_IRQHandler                          0x0800011b   Thumb Code     0  startup_stm32f103xb.o(.text)
    TIM4_IRQHandler                          0x0800011b   Thumb Code     0  startup_stm32f103xb.o(.text)
    USART1_IRQHandler                        0x0800011b   Thumb Code     0  startup_stm32f103xb.o(.text)
    USART3_IRQHandler                        0x0800011b   Thumb Code     0  startup_stm32f103xb.o(.text)
    USBWakeUp_IRQHandler                     0x0800011b   Thumb Code     0  startup_stm32f103xb.o(.text)
    USB_HP_CAN1_TX_IRQHandler                0x0800011b   Thumb Code     0  startup_stm32f103xb.o(.text)
    USB_LP_CAN1_RX0_IRQHandler               0x0800011b   Thumb Code     0  startup_stm32f103xb.o(.text)
    WWDG_IRQHandler                          0x0800011b   Thumb Code     0  startup_stm32f103xb.o(.text)
    __aeabi_llsr                             0x08000125   Thumb Code    32  llushr.o(.text)
    _ll_ushift_r                             0x08000125   Thumb Code     0  llushr.o(.text)
    __aeabi_memcpy                           0x08000145   Thumb Code    36  memcpya.o(.text)
    __aeabi_memcpy4                          0x08000145   Thumb Code     0  memcpya.o(.text)
    __aeabi_memcpy8                          0x08000145   Thumb Code     0  memcpya.o(.text)
    __aeabi_fadd                             0x08000169   Thumb Code   164  fadd.o(.text)
    __aeabi_fsub                             0x0800020d   Thumb Code     6  fadd.o(.text)
    __aeabi_frsub                            0x08000213   Thumb Code     6  fadd.o(.text)
    __ARM_scalbnf                            0x08000219   Thumb Code    24  fscalb.o(.text)
    scalbnf                                  0x08000219   Thumb Code     0  fscalb.o(.text)
    __aeabi_ui2f                             0x08000231   Thumb Code    10  ffltui.o(.text)
    __aeabi_f2d                              0x0800023b   Thumb Code    38  f2d.o(.text)
    __aeabi_uidiv                            0x08000261   Thumb Code     0  uidiv.o(.text)
    __aeabi_uidivmod                         0x08000261   Thumb Code    44  uidiv.o(.text)
    __aeabi_uldivmod                         0x0800028d   Thumb Code    98  uldiv.o(.text)
    __I$use$fp                               0x080002ef   Thumb Code     0  iusefp.o(.text)
    _float_round                             0x080002ef   Thumb Code    18  fepilogue.o(.text)
    _float_epilogue                          0x08000301   Thumb Code    92  fepilogue.o(.text)
    __aeabi_dadd                             0x0800035d   Thumb Code   322  dadd.o(.text)
    __aeabi_dsub                             0x0800049f   Thumb Code     6  dadd.o(.text)
    __aeabi_drsub                            0x080004a5   Thumb Code     6  dadd.o(.text)
    __aeabi_dmul                             0x080004ab   Thumb Code   228  dmul.o(.text)
    __aeabi_ddiv                             0x0800058f   Thumb Code   222  ddiv.o(.text)
    __aeabi_d2ulz                            0x0800066d   Thumb Code    48  dfixul.o(.text)
    __aeabi_cdrcmple                         0x0800069d   Thumb Code    48  cdrcmple.o(.text)
    __scatterload                            0x080006cd   Thumb Code    28  init.o(.text)
    __scatterload_rt2                        0x080006cd   Thumb Code     0  init.o(.text)
    __aeabi_llsl                             0x080006f1   Thumb Code    30  llshl.o(.text)
    _ll_shift_l                              0x080006f1   Thumb Code     0  llshl.o(.text)
    __aeabi_lasr                             0x0800070f   Thumb Code    36  llsshr.o(.text)
    _ll_sshift_r                             0x0800070f   Thumb Code     0  llsshr.o(.text)
    _double_round                            0x08000733   Thumb Code    30  depilogue.o(.text)
    _double_epilogue                         0x08000751   Thumb Code   156  depilogue.o(.text)
    __decompress                             0x080007ed   Thumb Code     0  __dczerorl2.o(.text)
    __decompress1                            0x080007ed   Thumb Code    86  __dczerorl2.o(.text)
    BusFault_Handler                         0x08000843   Thumb Code     2  stm32f1xx_it.o(i.BusFault_Handler)
    DS3231_IIC_Ack                           0x08000845   Thumb Code    50  ds3231.o(i.DS3231_IIC_Ack)
    DS3231_IIC_Read_Byte                     0x0800087d   Thumb Code    82  ds3231.o(i.DS3231_IIC_Read_Byte)
    DS3231_IIC_Start                         0x080008d5   Thumb Code    52  ds3231.o(i.DS3231_IIC_Start)
    DS3231_IIC_Stop                          0x0800090d   Thumb Code    42  ds3231.o(i.DS3231_IIC_Stop)
    DS3231_IIC_Write_Byte                    0x0800093d   Thumb Code   118  ds3231.o(i.DS3231_IIC_Write_Byte)
    DS3231_Operate_Register                  0x080009b9   Thumb Code   126  ds3231.o(i.DS3231_Operate_Register)
    DS3231_ReadWrite_Time                    0x08000a39   Thumb Code   348  ds3231.o(i.DS3231_ReadWrite_Time)
    DS3231_Read_Byte                         0x08000b99   Thumb Code    52  ds3231.o(i.DS3231_Read_Byte)
    DS3231_Read_Temp                         0x08000bcd   Thumb Code    88  ds3231.o(i.DS3231_Read_Temp)
    DateStateFunc                            0x08000c2d   Thumb Code   652  vfdapp.o(i.DateStateFunc)
    DayStateFunc                             0x08000f69   Thumb Code   308  vfdapp.o(i.DayStateFunc)
    DebugMon_Handler                         0x08001119   Thumb Code     2  stm32f1xx_it.o(i.DebugMon_Handler)
    DownNumDisplay                           0x0800111d   Thumb Code   122  vfdapp.o(i.DownNumDisplay)
    GetTimeValue                             0x080011a1   Thumb Code    32  vfdapp.o(i.GetTimeValue)
    HAL_DMA_Abort_IT                         0x080011c5   Thumb Code   148  stm32f1xx_hal_dma.o(i.HAL_DMA_Abort_IT)
    HAL_Delay                                0x0800125d   Thumb Code    32  stm32f1xx_hal.o(i.HAL_Delay)
    HAL_GPIO_Init                            0x08001281   Thumb Code   688  stm32f1xx_hal_gpio.o(i.HAL_GPIO_Init)
    HAL_GPIO_ReadPin                         0x080015a9   Thumb Code    28  stm32f1xx_hal_gpio.o(i.HAL_GPIO_ReadPin)
    HAL_GPIO_WritePin                        0x08001601   Thumb Code    46  stm32f1xx_hal_gpio.o(i.HAL_GPIO_WritePin)
    HAL_GetTick                              0x0800166d   Thumb Code     6  stm32f1xx_hal.o(i.HAL_GetTick)
    HAL_IncTick                              0x08001679   Thumb Code    12  stm32f1xx_hal.o(i.HAL_IncTick)
    HAL_Init                                 0x08001689   Thumb Code    32  stm32f1xx_hal.o(i.HAL_Init)
    HAL_InitTick                             0x080016ad   Thumb Code    54  stm32f1xx_hal.o(i.HAL_InitTick)
    HAL_MspInit                              0x080016ed   Thumb Code   134  stm32f1xx_hal_msp.o(i.HAL_MspInit)
    HAL_NVIC_EnableIRQ                       0x0800177d   Thumb Code    36  stm32f1xx_hal_cortex.o(i.HAL_NVIC_EnableIRQ)
    HAL_NVIC_SetPriority                     0x080017dd   Thumb Code    94  stm32f1xx_hal_cortex.o(i.HAL_NVIC_SetPriority)
    HAL_NVIC_SetPriorityGrouping             0x0800187d   Thumb Code    58  stm32f1xx_hal_cortex.o(i.HAL_NVIC_SetPriorityGrouping)
    HAL_RCC_ClockConfig                      0x080018fd   Thumb Code   532  stm32f1xx_hal_rcc.o(i.HAL_RCC_ClockConfig)
    HAL_RCC_GetHCLKFreq                      0x08001b59   Thumb Code     6  stm32f1xx_hal_rcc.o(i.HAL_RCC_GetHCLKFreq)
    HAL_RCC_GetPCLK1Freq                     0x08001b65   Thumb Code    20  stm32f1xx_hal_rcc.o(i.HAL_RCC_GetPCLK1Freq)
    HAL_RCC_GetPCLK2Freq                     0x08001b85   Thumb Code    20  stm32f1xx_hal_rcc.o(i.HAL_RCC_GetPCLK2Freq)
    HAL_RCC_GetSysClockFreq                  0x08001ba5   Thumb Code    74  stm32f1xx_hal_rcc.o(i.HAL_RCC_GetSysClockFreq)
    HAL_RCC_OscConfig                        0x08001c11   Thumb Code  1146  stm32f1xx_hal_rcc.o(i.HAL_RCC_OscConfig)
    HAL_SYSTICK_CLKSourceConfig              0x0800208d   Thumb Code    40  stm32f1xx_hal_cortex.o(i.HAL_SYSTICK_CLKSourceConfig)
    HAL_SYSTICK_Callback                     0x080020f1   Thumb Code     2  stm32f1xx_hal_cortex.o(i.HAL_SYSTICK_Callback)
    HAL_SYSTICK_Config                       0x080020f3   Thumb Code    40  stm32f1xx_hal_cortex.o(i.HAL_SYSTICK_Config)
    HAL_SYSTICK_IRQHandler                   0x0800211b   Thumb Code     8  stm32f1xx_hal_cortex.o(i.HAL_SYSTICK_IRQHandler)
    HAL_TIMEx_BreakCallback                  0x08002123   Thumb Code     2  stm32f1xx_hal_tim_ex.o(i.HAL_TIMEx_BreakCallback)
    HAL_TIMEx_CommutationCallback            0x08002125   Thumb Code     2  stm32f1xx_hal_tim_ex.o(i.HAL_TIMEx_CommutationCallback)
    HAL_TIMEx_MasterConfigSynchronization    0x08002129   Thumb Code   178  stm32f1xx_hal_tim_ex.o(i.HAL_TIMEx_MasterConfigSynchronization)
    HAL_TIM_Base_Init                        0x08002225   Thumb Code   156  stm32f1xx_hal_tim.o(i.HAL_TIM_Base_Init)
    HAL_TIM_Base_MspInit                     0x08002305   Thumb Code    50  tim.o(i.HAL_TIM_Base_MspInit)
    HAL_TIM_Base_Start_IT                    0x08002341   Thumb Code    64  stm32f1xx_hal_tim.o(i.HAL_TIM_Base_Start_IT)
    HAL_TIM_ConfigClockSource                0x080023c5   Thumb Code   872  stm32f1xx_hal_tim.o(i.HAL_TIM_ConfigClockSource)
    HAL_TIM_IC_CaptureCallback               0x08002771   Thumb Code     2  stm32f1xx_hal_tim.o(i.HAL_TIM_IC_CaptureCallback)
    HAL_TIM_IRQHandler                       0x08002773   Thumb Code   358  stm32f1xx_hal_tim.o(i.HAL_TIM_IRQHandler)
    HAL_TIM_OC_DelayElapsedCallback          0x080028d9   Thumb Code     2  stm32f1xx_hal_tim.o(i.HAL_TIM_OC_DelayElapsedCallback)
    HAL_TIM_PWM_PulseFinishedCallback        0x080028db   Thumb Code     2  stm32f1xx_hal_tim.o(i.HAL_TIM_PWM_PulseFinishedCallback)
    HAL_TIM_PeriodElapsedCallback            0x080028dd   Thumb Code     2  stm32f1xx_hal_tim.o(i.HAL_TIM_PeriodElapsedCallback)
    HAL_TIM_TriggerCallback                  0x080028df   Thumb Code     2  stm32f1xx_hal_tim.o(i.HAL_TIM_TriggerCallback)
    HAL_UART_ErrorCallback                   0x080028e1   Thumb Code     2  stm32f1xx_hal_uart.o(i.HAL_UART_ErrorCallback)
    HAL_UART_IRQHandler                      0x080028e5   Thumb Code   266  stm32f1xx_hal_uart.o(i.HAL_UART_IRQHandler)
    HAL_UART_Init                            0x080029f5   Thumb Code   204  stm32f1xx_hal_uart.o(i.HAL_UART_Init)
    HAL_UART_MspInit                         0x08002b09   Thumb Code    90  usart.o(i.HAL_UART_MspInit)
    HAL_UART_RxCpltCallback                  0x08002b71   Thumb Code     2  stm32f1xx_hal_uart.o(i.HAL_UART_RxCpltCallback)
    HAL_UART_TxCpltCallback                  0x08002b73   Thumb Code     2  stm32f1xx_hal_uart.o(i.HAL_UART_TxCpltCallback)
    HardFault_Handler                        0x08002b75   Thumb Code     2  stm32f1xx_it.o(i.HardFault_Handler)
    IIC_SDA_IN                               0x08002b79   Thumb Code    34  ds3231.o(i.IIC_SDA_IN)
    IIC_SDA_OUT                              0x08002ba1   Thumb Code    38  ds3231.o(i.IIC_SDA_OUT)
    IIC_Start                                0x08002bcd   Thumb Code    52  oled.o(i.IIC_Start)
    IIC_Stop                                 0x08002c05   Thumb Code    40  oled.o(i.IIC_Stop)
    IIC_Wait_Ack                             0x08002c31   Thumb Code    30  oled.o(i.IIC_Wait_Ack)
    InfoDisplay                              0x08002c55   Thumb Code   140  vfdapp.o(i.InfoDisplay)
    KeyStateDisplay                          0x08002d35   Thumb Code   160  vfdapp.o(i.KeyStateDisplay)
    LEDFlash                                 0x08002dd5   Thumb Code    74  vfdapp.o(i.LEDFlash)
    LEDGroupCtrl                             0x08002e29   Thumb Code    18  vfddriver.o(i.LEDGroupCtrl)
    LEDHourAddFlash                          0x08002e41   Thumb Code   136  vfdapp.o(i.LEDHourAddFlash)
    MX_GPIO_Init                             0x08002ed1   Thumb Code   196  gpio.o(i.MX_GPIO_Init)
    MX_TIM1_Init                             0x08002fa5   Thumb Code    96  tim.o(i.MX_TIM1_Init)
    MX_USART2_UART_Init                      0x08003021   Thumb Code    52  usart.o(i.MX_USART2_UART_Init)
    MainFunctionChose                        0x08003071   Thumb Code   204  vfdapp.o(i.MainFunctionChose)
    MemManage_Handler                        0x08003169   Thumb Code     2  stm32f1xx_it.o(i.MemManage_Handler)
    NMI_Handler                              0x0800316b   Thumb Code     2  stm32f1xx_it.o(i.NMI_Handler)
    NormalDisModeChange                      0x0800318d   Thumb Code    90  vfdapp.o(i.NormalDisModeChange)
    NumSymbolCtrl                            0x080031ed   Thumb Code    38  vfddriver.o(i.NumSymbolCtrl)
    OLED_Clear                               0x08003219   Thumb Code    58  oled.o(i.OLED_Clear)
    OLED_DrawBMP                             0x08003253   Thumb Code    64  oled.o(i.OLED_DrawBMP)
    OLED_Init                                0x08003293   Thumb Code   234  oled.o(i.OLED_Init)
    OLED_Set_Pos                             0x0800337d   Thumb Code    42  oled.o(i.OLED_Set_Pos)
    OLED_ShowChar                            0x080033a9   Thumb Code    90  oled.o(i.OLED_ShowChar)
    OLED_ShowString                          0x08003409   Thumb Code    54  oled.o(i.OLED_ShowString)
    OLED_WR_Byte                             0x0800343f   Thumb Code    12  oled.o(i.OLED_WR_Byte)
    PendSV_Handler                           0x0800344b   Thumb Code     2  stm32f1xx_it.o(i.PendSV_Handler)
    RightNumCtrl                             0x0800344d   Thumb Code    84  vfddriver.o(i.RightNumCtrl)
    RightNumdisplay                          0x080034cd   Thumb Code   156  vfdapp.o(i.RightNumdisplay)
    SVC_Handler                              0x08003579   Thumb Code     2  stm32f1xx_it.o(i.SVC_Handler)
    SymbolFlash                              0x0800357d   Thumb Code    86  vfdapp.o(i.SymbolFlash)
    SysTick_Handler                          0x080035d9   Thumb Code    14  stm32f1xx_it.o(i.SysTick_Handler)
    SystemClock_Config                       0x080035e7   Thumb Code   104  main.o(i.SystemClock_Config)
    SystemInit                               0x08003651   Thumb Code    56  system_stm32f1xx.o(i.SystemInit)
    TIM1_UP_IRQHandler                       0x08003699   Thumb Code    16  stm32f1xx_it.o(i.TIM1_UP_IRQHandler)
    TIM_Base_SetConfig                       0x080036ad   Thumb Code    94  stm32f1xx_hal_tim.o(i.TIM_Base_SetConfig)
    TimeDateConfig                           0x08003785   Thumb Code   240  vfdapp.o(i.TimeDateConfig)
    TimeStateFunc                            0x080038c1   Thumb Code   690  vfdapp.o(i.TimeStateFunc)
    Time_Handle                              0x08003c35   Thumb Code   182  ds3231.o(i.Time_Handle)
    USART2_IRQHandler                        0x08004025   Thumb Code     6  stm32f1xx_it.o(i.USART2_IRQHandler)
    UsageFault_Handler                       0x08004031   Thumb Code     2  stm32f1xx_it.o(i.UsageFault_Handler)
    VFDAllSegment                            0x08004035   Thumb Code    56  vfddriver.o(i.VFDAllSegment)
    VFDApp_Interrupt                         0x08004075   Thumb Code     4  vfdapp.o(i.VFDApp_Interrupt)
    VFDApp_Loop                              0x08004079   Thumb Code   156  vfdapp.o(i.VFDApp_Loop)
    VFDApp_Setup                             0x08004119   Thumb Code   180  vfdapp.o(i.VFDApp_Setup)
    VFDDownNumCtrl                           0x080041d9   Thumb Code    76  vfddriver.o(i.VFDDownNumCtrl)
    VFDDriverInit                            0x08004251   Thumb Code     6  vfddriver.o(i.VFDDriverInit)
    VFDDsaplayUpdate                         0x08004259   Thumb Code    38  vfddriver.o(i.VFDDsaplayUpdate)
    VFDGateSegmentCtrl                       0x08004289   Thumb Code    66  vfddriver.o(i.VFDGateSegmentCtrl)
    VFDMainInterrupt                         0x080042ed   Thumb Code     4  vfdmain.o(i.VFDMainInterrupt)
    VFDMainLoop                              0x080042f1   Thumb Code     4  vfdmain.o(i.VFDMainLoop)
    VFDMainSetup                             0x080042f5   Thumb Code    36  vfdmain.o(i.VFDMainSetup)
    VFDNDATEDisplay                          0x0800431d   Thumb Code    92  vfdapp.o(i.VFDNDATEDisplay)
    VFDNTIMEDisplay                          0x0800437d   Thumb Code    92  vfdapp.o(i.VFDNTIMEDisplay)
    VFDNumSegment                            0x080043dd   Thumb Code    80  vfddriver.o(i.VFDNumSegment)
    VFDOutputCtrl                            0x08004449   Thumb Code    54  vfddriver.o(i.VFDOutputCtrl)
    VFDStateDisplay                          0x08004485   Thumb Code   320  vfdapp.o(i.VFDStateDisplay)
    VFDTEMPDisplay                           0x080045c9   Thumb Code    66  vfdapp.o(i.VFDTEMPDisplay)
    WordDisCtrl                              0x08004611   Thumb Code   170  vfddriver.o(i.WordDisCtrl)
    Write_IIC_Byte                           0x080046dd   Thumb Code    86  oled.o(i.Write_IIC_Byte)
    Write_IIC_Command                        0x08004739   Thumb Code    46  oled.o(i.Write_IIC_Command)
    Write_IIC_Data                           0x08004767   Thumb Code    46  oled.o(i.Write_IIC_Data)
    _Error_Handler                           0x08004795   Thumb Code     2  main.o(i._Error_Handler)
    __0sprintf                               0x08004799   Thumb Code    34  printfa.o(i.__0sprintf)
    __1sprintf                               0x08004799   Thumb Code     0  printfa.o(i.__0sprintf)
    __2sprintf                               0x08004799   Thumb Code     0  printfa.o(i.__0sprintf)
    __c89sprintf                             0x08004799   Thumb Code     0  printfa.o(i.__0sprintf)
    sprintf                                  0x08004799   Thumb Code     0  printfa.o(i.__0sprintf)
    __scatterload_copy                       0x080047c1   Thumb Code    14  handlers.o(i.__scatterload_copy)
    __scatterload_null                       0x080047cf   Thumb Code     2  handlers.o(i.__scatterload_null)
    __scatterload_zeroinit                   0x080047d1   Thumb Code    14  handlers.o(i.__scatterload_zeroinit)
    assert_failed                            0x0800509d   Thumb Code     2  main.o(i.assert_failed)
    getKey_Ctrl                              0x080050a1   Thumb Code    58  keyboard.o(i.getKey_Ctrl)
    main                                     0x080050e5   Thumb Code    30  main.o(i.main)
    BMP_Start                                0x08005102   Data        1024  vfdapp.o(.constdata)
    BMP_For                                  0x08005502   Data        1024  vfdapp.o(.constdata)
    AHBPrescTable                            0x08005902   Data          16  system_stm32f1xx.o(.constdata)
    APBPrescTable                            0x08005912   Data           8  system_stm32f1xx.o(.constdata)
    Region$$Table$$Base                      0x0800591c   Number         0  anon$$obj.o(Region$$Table)
    Region$$Table$$Limit                     0x0800593c   Number         0  anon$$obj.o(Region$$Table)
    VFDDisMod                                0x20000000   Data           1  vfdapp.o(.data)
    SysState                                 0x20000001   Data           1  vfdapp.o(.data)
    Time_Buffer                              0x2000002a   Data           7  ds3231.o(.data)
    Display_Time                             0x20000031   Data           9  ds3231.o(.data)
    Display_Date                             0x2000003a   Data          14  ds3231.o(.data)
    F6x8                                     0x20000048   Data         546  oled.o(.data)
    VFDLedSateBuffer                         0x20000278   Data           6  vfddriver.o(.data)
    uwTickFreq                               0x20000280   Data           1  stm32f1xx_hal.o(.data)
    uwTickPrio                               0x20000284   Data           4  stm32f1xx_hal.o(.data)
    uwTick                                   0x20000288   Data           4  stm32f1xx_hal.o(.data)
    SystemCoreClock                          0x2000028c   Data           4  system_stm32f1xx.o(.data)
    htim1                                    0x20000290   Data          64  tim.o(.bss)
    huart2                                   0x200002d0   Data          64  usart.o(.bss)
    TimeValue                                0x20000343   Data          17  ds3231.o(.bss)
    VFDFrameBuffer                           0x20000354   Data         160  vfddriver.o(.bss)
    __initial_sp                             0x200007f8   Data           0  startup_stm32f103xb.o(STACK)



==============================================================================

Memory Map of the image

  Image Entry point : 0x080000ed

  Load Region LR_IROM1 (Base: 0x08000000, Size: 0x00005bcc, Max: 0x00010000, ABSOLUTE, COMPRESSED[0x00005b20])

    Execution Region ER_IROM1 (Exec base: 0x08000000, Load base: 0x08000000, Size: 0x0000593c, Max: 0x00010000, ABSOLUTE)

    Exec Addr    Load Addr    Size         Type   Attr      Idx    E Section Name        Object

    0x08000000   0x08000000   0x000000ec   Data   RO         1021    RESET               startup_stm32f103xb.o
    0x080000ec   0x080000ec   0x00000000   Code   RO         3188  * .ARM.Collect$$$$00000000  mc_w.l(entry.o)
    0x080000ec   0x080000ec   0x00000004   Code   RO         3466    .ARM.Collect$$$$00000001  mc_w.l(entry2.o)
    0x080000f0   0x080000f0   0x00000004   Code   RO         3469    .ARM.Collect$$$$00000004  mc_w.l(entry5.o)
    0x080000f4   0x080000f4   0x00000000   Code   RO         3471    .ARM.Collect$$$$00000008  mc_w.l(entry7b.o)
    0x080000f4   0x080000f4   0x00000000   Code   RO         3473    .ARM.Collect$$$$0000000A  mc_w.l(entry8b.o)
    0x080000f4   0x080000f4   0x00000008   Code   RO         3474    .ARM.Collect$$$$0000000B  mc_w.l(entry9a.o)
    0x080000fc   0x080000fc   0x00000000   Code   RO         3476    .ARM.Collect$$$$0000000D  mc_w.l(entry10a.o)
    0x080000fc   0x080000fc   0x00000000   Code   RO         3478    .ARM.Collect$$$$0000000F  mc_w.l(entry11a.o)
    0x080000fc   0x080000fc   0x00000004   Code   RO         3467    .ARM.Collect$$$$00002712  mc_w.l(entry2.o)
    0x08000100   0x08000100   0x00000024   Code   RO         1022    .text               startup_stm32f103xb.o
    0x08000124   0x08000124   0x00000020   Code   RO         3191    .text               mc_w.l(llushr.o)
    0x08000144   0x08000144   0x00000024   Code   RO         3193    .text               mc_w.l(memcpya.o)
    0x08000168   0x08000168   0x000000b0   Code   RO         3458    .text               mf_w.l(fadd.o)
    0x08000218   0x08000218   0x00000018   Code   RO         3460    .text               mf_w.l(fscalb.o)
    0x08000230   0x08000230   0x0000000a   Code   RO         3462    .text               mf_w.l(ffltui.o)
    0x0800023a   0x0800023a   0x00000026   Code   RO         3464    .text               mf_w.l(f2d.o)
    0x08000260   0x08000260   0x0000002c   Code   RO         3483    .text               mc_w.l(uidiv.o)
    0x0800028c   0x0800028c   0x00000062   Code   RO         3485    .text               mc_w.l(uldiv.o)
    0x080002ee   0x080002ee   0x00000000   Code   RO         3487    .text               mc_w.l(iusefp.o)
    0x080002ee   0x080002ee   0x0000006e   Code   RO         3488    .text               mf_w.l(fepilogue.o)
    0x0800035c   0x0800035c   0x0000014e   Code   RO         3490    .text               mf_w.l(dadd.o)
    0x080004aa   0x080004aa   0x000000e4   Code   RO         3492    .text               mf_w.l(dmul.o)
    0x0800058e   0x0800058e   0x000000de   Code   RO         3494    .text               mf_w.l(ddiv.o)
    0x0800066c   0x0800066c   0x00000030   Code   RO         3496    .text               mf_w.l(dfixul.o)
    0x0800069c   0x0800069c   0x00000030   Code   RO         3498    .text               mf_w.l(cdrcmple.o)
    0x080006cc   0x080006cc   0x00000024   Code   RO         3500    .text               mc_w.l(init.o)
    0x080006f0   0x080006f0   0x0000001e   Code   RO         3503    .text               mc_w.l(llshl.o)
    0x0800070e   0x0800070e   0x00000024   Code   RO         3505    .text               mc_w.l(llsshr.o)
    0x08000732   0x08000732   0x000000ba   Code   RO         3508    .text               mf_w.l(depilogue.o)
    0x080007ec   0x080007ec   0x00000056   Code   RO         3518    .text               mc_w.l(__dczerorl2.o)
    0x08000842   0x08000842   0x00000002   Code   RO          252    i.BusFault_Handler  stm32f1xx_it.o
    0x08000844   0x08000844   0x00000038   Code   RO          575    i.DS3231_IIC_Ack    ds3231.o
    0x0800087c   0x0800087c   0x00000058   Code   RO          576    i.DS3231_IIC_Read_Byte  ds3231.o
    0x080008d4   0x080008d4   0x00000038   Code   RO          577    i.DS3231_IIC_Start  ds3231.o
    0x0800090c   0x0800090c   0x00000030   Code   RO          578    i.DS3231_IIC_Stop   ds3231.o
    0x0800093c   0x0800093c   0x0000007c   Code   RO          579    i.DS3231_IIC_Write_Byte  ds3231.o
    0x080009b8   0x080009b8   0x0000007e   Code   RO          580    i.DS3231_Operate_Register  ds3231.o
    0x08000a36   0x08000a36   0x00000002   PAD
    0x08000a38   0x08000a38   0x00000160   Code   RO          581    i.DS3231_ReadWrite_Time  ds3231.o
    0x08000b98   0x08000b98   0x00000034   Code   RO          582    i.DS3231_Read_Byte  ds3231.o
    0x08000bcc   0x08000bcc   0x00000060   Code   RO          583    i.DS3231_Read_Temp  ds3231.o
    0x08000c2c   0x08000c2c   0x0000033c   Code   RO          419    i.DateStateFunc     vfdapp.o
    0x08000f68   0x08000f68   0x000001b0   Code   RO          420    i.DayStateFunc      vfdapp.o
    0x08001118   0x08001118   0x00000002   Code   RO          253    i.DebugMon_Handler  stm32f1xx_it.o
    0x0800111a   0x0800111a   0x00000002   PAD
    0x0800111c   0x0800111c   0x00000084   Code   RO          421    i.DownNumDisplay    vfdapp.o
    0x080011a0   0x080011a0   0x00000024   Code   RO          422    i.GetTimeValue      vfdapp.o
    0x080011c4   0x080011c4   0x00000098   Code   RO         2620    i.HAL_DMA_Abort_IT  stm32f1xx_hal_dma.o
    0x0800125c   0x0800125c   0x00000024   Code   RO         2262    i.HAL_Delay         stm32f1xx_hal.o
    0x08001280   0x08001280   0x00000328   Code   RO         2555    i.HAL_GPIO_Init     stm32f1xx_hal_gpio.o
    0x080015a8   0x080015a8   0x00000058   Code   RO         2557    i.HAL_GPIO_ReadPin  stm32f1xx_hal_gpio.o
    0x08001600   0x08001600   0x0000006c   Code   RO         2559    i.HAL_GPIO_WritePin  stm32f1xx_hal_gpio.o
    0x0800166c   0x0800166c   0x0000000c   Code   RO         2266    i.HAL_GetTick       stm32f1xx_hal.o
    0x08001678   0x08001678   0x00000010   Code   RO         2270    i.HAL_IncTick       stm32f1xx_hal.o
    0x08001688   0x08001688   0x00000024   Code   RO         2271    i.HAL_Init          stm32f1xx_hal.o
    0x080016ac   0x080016ac   0x00000040   Code   RO         2272    i.HAL_InitTick      stm32f1xx_hal.o
    0x080016ec   0x080016ec   0x00000090   Code   RO          340    i.HAL_MspInit       stm32f1xx_hal_msp.o
    0x0800177c   0x0800177c   0x00000060   Code   RO         2715    i.HAL_NVIC_EnableIRQ  stm32f1xx_hal_cortex.o
    0x080017dc   0x080017dc   0x000000a0   Code   RO         2721    i.HAL_NVIC_SetPriority  stm32f1xx_hal_cortex.o
    0x0800187c   0x0800187c   0x00000080   Code   RO         2722    i.HAL_NVIC_SetPriorityGrouping  stm32f1xx_hal_cortex.o
    0x080018fc   0x080018fc   0x0000025c   Code   RO         2415    i.HAL_RCC_ClockConfig  stm32f1xx_hal_rcc.o
    0x08001b58   0x08001b58   0x0000000c   Code   RO         2420    i.HAL_RCC_GetHCLKFreq  stm32f1xx_hal_rcc.o
    0x08001b64   0x08001b64   0x00000020   Code   RO         2422    i.HAL_RCC_GetPCLK1Freq  stm32f1xx_hal_rcc.o
    0x08001b84   0x08001b84   0x00000020   Code   RO         2423    i.HAL_RCC_GetPCLK2Freq  stm32f1xx_hal_rcc.o
    0x08001ba4   0x08001ba4   0x0000006c   Code   RO         2424    i.HAL_RCC_GetSysClockFreq  stm32f1xx_hal_rcc.o
    0x08001c10   0x08001c10   0x0000047a   Code   RO         2427    i.HAL_RCC_OscConfig  stm32f1xx_hal_rcc.o
    0x0800208a   0x0800208a   0x00000002   PAD
    0x0800208c   0x0800208c   0x00000064   Code   RO         2724    i.HAL_SYSTICK_CLKSourceConfig  stm32f1xx_hal_cortex.o
    0x080020f0   0x080020f0   0x00000002   Code   RO         2725    i.HAL_SYSTICK_Callback  stm32f1xx_hal_cortex.o
    0x080020f2   0x080020f2   0x00000028   Code   RO         2726    i.HAL_SYSTICK_Config  stm32f1xx_hal_cortex.o
    0x0800211a   0x0800211a   0x00000008   Code   RO         2727    i.HAL_SYSTICK_IRQHandler  stm32f1xx_hal_cortex.o
    0x08002122   0x08002122   0x00000002   Code   RO         1696    i.HAL_TIMEx_BreakCallback  stm32f1xx_hal_tim_ex.o
    0x08002124   0x08002124   0x00000002   Code   RO         1697    i.HAL_TIMEx_CommutationCallback  stm32f1xx_hal_tim_ex.o
    0x08002126   0x08002126   0x00000002   PAD
    0x08002128   0x08002128   0x000000fc   Code   RO         1713    i.HAL_TIMEx_MasterConfigSynchronization  stm32f1xx_hal_tim_ex.o
    0x08002224   0x08002224   0x000000e0   Code   RO         1067    i.HAL_TIM_Base_Init  stm32f1xx_hal_tim.o
    0x08002304   0x08002304   0x0000003c   Code   RO          169    i.HAL_TIM_Base_MspInit  tim.o
    0x08002340   0x08002340   0x00000084   Code   RO         1072    i.HAL_TIM_Base_Start_IT  stm32f1xx_hal_tim.o
    0x080023c4   0x080023c4   0x000003ac   Code   RO         1076    i.HAL_TIM_ConfigClockSource  stm32f1xx_hal_tim.o
    0x08002770   0x08002770   0x00000002   Code   RO         1096    i.HAL_TIM_IC_CaptureCallback  stm32f1xx_hal_tim.o
    0x08002772   0x08002772   0x00000166   Code   RO         1109    i.HAL_TIM_IRQHandler  stm32f1xx_hal_tim.o
    0x080028d8   0x080028d8   0x00000002   Code   RO         1112    i.HAL_TIM_OC_DelayElapsedCallback  stm32f1xx_hal_tim.o
    0x080028da   0x080028da   0x00000002   Code   RO         1139    i.HAL_TIM_PWM_PulseFinishedCallback  stm32f1xx_hal_tim.o
    0x080028dc   0x080028dc   0x00000002   Code   RO         1146    i.HAL_TIM_PeriodElapsedCallback  stm32f1xx_hal_tim.o
    0x080028de   0x080028de   0x00000002   Code   RO         1150    i.HAL_TIM_TriggerCallback  stm32f1xx_hal_tim.o
    0x080028e0   0x080028e0   0x00000002   Code   RO         1950    i.HAL_UART_ErrorCallback  stm32f1xx_hal_uart.o
    0x080028e2   0x080028e2   0x00000002   PAD
    0x080028e4   0x080028e4   0x00000110   Code   RO         1953    i.HAL_UART_IRQHandler  stm32f1xx_hal_uart.o
    0x080029f4   0x080029f4   0x00000114   Code   RO         1954    i.HAL_UART_Init     stm32f1xx_hal_uart.o
    0x08002b08   0x08002b08   0x00000068   Code   RO          211    i.HAL_UART_MspInit  usart.o
    0x08002b70   0x08002b70   0x00000002   Code   RO         1960    i.HAL_UART_RxCpltCallback  stm32f1xx_hal_uart.o
    0x08002b72   0x08002b72   0x00000002   Code   RO         1965    i.HAL_UART_TxCpltCallback  stm32f1xx_hal_uart.o
    0x08002b74   0x08002b74   0x00000002   Code   RO          254    i.HardFault_Handler  stm32f1xx_it.o
    0x08002b76   0x08002b76   0x00000002   PAD
    0x08002b78   0x08002b78   0x00000028   Code   RO          586    i.IIC_SDA_IN        ds3231.o
    0x08002ba0   0x08002ba0   0x0000002c   Code   RO          587    i.IIC_SDA_OUT       ds3231.o
    0x08002bcc   0x08002bcc   0x00000038   Code   RO          693    i.IIC_Start         oled.o
    0x08002c04   0x08002c04   0x0000002c   Code   RO          694    i.IIC_Stop          oled.o
    0x08002c30   0x08002c30   0x00000024   Code   RO          695    i.IIC_Wait_Ack      oled.o
    0x08002c54   0x08002c54   0x000000e0   Code   RO          423    i.InfoDisplay       vfdapp.o
    0x08002d34   0x08002d34   0x000000a0   Code   RO          424    i.KeyStateDisplay   vfdapp.o
    0x08002dd4   0x08002dd4   0x00000054   Code   RO          425    i.LEDFlash          vfdapp.o
    0x08002e28   0x08002e28   0x00000018   Code   RO          846    i.LEDGroupCtrl      vfddriver.o
    0x08002e40   0x08002e40   0x00000090   Code   RO          426    i.LEDHourAddFlash   vfdapp.o
    0x08002ed0   0x08002ed0   0x000000d4   Code   RO          144    i.MX_GPIO_Init      gpio.o
    0x08002fa4   0x08002fa4   0x0000007c   Code   RO          170    i.MX_TIM1_Init      tim.o
    0x08003020   0x08003020   0x00000050   Code   RO          212    i.MX_USART2_UART_Init  usart.o
    0x08003070   0x08003070   0x000000f8   Code   RO          427    i.MainFunctionChose  vfdapp.o
    0x08003168   0x08003168   0x00000002   Code   RO          255    i.MemManage_Handler  stm32f1xx_it.o
    0x0800316a   0x0800316a   0x00000002   Code   RO          256    i.NMI_Handler       stm32f1xx_it.o
    0x0800316c   0x0800316c   0x00000020   Code   RO         2728    i.NVIC_SetPriority  stm32f1xx_hal_cortex.o
    0x0800318c   0x0800318c   0x00000060   Code   RO          428    i.NormalDisModeChange  vfdapp.o
    0x080031ec   0x080031ec   0x0000002c   Code   RO          847    i.NumSymbolCtrl     vfddriver.o
    0x08003218   0x08003218   0x0000003a   Code   RO          696    i.OLED_Clear        oled.o
    0x08003252   0x08003252   0x00000040   Code   RO          699    i.OLED_DrawBMP      oled.o
    0x08003292   0x08003292   0x000000ea   Code   RO          700    i.OLED_Init         oled.o
    0x0800337c   0x0800337c   0x0000002a   Code   RO          702    i.OLED_Set_Pos      oled.o
    0x080033a6   0x080033a6   0x00000002   PAD
    0x080033a8   0x080033a8   0x00000060   Code   RO          703    i.OLED_ShowChar     oled.o
    0x08003408   0x08003408   0x00000036   Code   RO          705    i.OLED_ShowString   oled.o
    0x0800343e   0x0800343e   0x0000000c   Code   RO          706    i.OLED_WR_Byte      oled.o
    0x0800344a   0x0800344a   0x00000002   Code   RO          257    i.PendSV_Handler    stm32f1xx_it.o
    0x0800344c   0x0800344c   0x00000080   Code   RO          849    i.RightNumCtrl      vfddriver.o
    0x080034cc   0x080034cc   0x000000ac   Code   RO          429    i.RightNumdisplay   vfdapp.o
    0x08003578   0x08003578   0x00000002   Code   RO          258    i.SVC_Handler       stm32f1xx_it.o
    0x0800357a   0x0800357a   0x00000002   PAD
    0x0800357c   0x0800357c   0x0000005c   Code   RO          430    i.SymbolFlash       vfdapp.o
    0x080035d8   0x080035d8   0x0000000e   Code   RO          259    i.SysTick_Handler   stm32f1xx_it.o
    0x080035e6   0x080035e6   0x00000068   Code   RO            4    i.SystemClock_Config  main.o
    0x0800364e   0x0800364e   0x00000002   PAD
    0x08003650   0x08003650   0x00000048   Code   RO         3154    i.SystemInit        system_stm32f1xx.o
    0x08003698   0x08003698   0x00000014   Code   RO          260    i.TIM1_UP_IRQHandler  stm32f1xx_it.o
    0x080036ac   0x080036ac   0x0000006c   Code   RO         1151    i.TIM_Base_SetConfig  stm32f1xx_hal_tim.o
    0x08003718   0x08003718   0x00000014   Code   RO         1158    i.TIM_ETR_SetConfig  stm32f1xx_hal_tim.o
    0x0800372c   0x0800372c   0x00000010   Code   RO         1159    i.TIM_ITRx_SetConfig  stm32f1xx_hal_tim.o
    0x0800373c   0x0800373c   0x00000022   Code   RO         1165    i.TIM_TI1_ConfigInputStage  stm32f1xx_hal_tim.o
    0x0800375e   0x0800375e   0x00000024   Code   RO         1167    i.TIM_TI2_ConfigInputStage  stm32f1xx_hal_tim.o
    0x08003782   0x08003782   0x00000002   PAD
    0x08003784   0x08003784   0x0000013c   Code   RO          431    i.TimeDateConfig    vfdapp.o
    0x080038c0   0x080038c0   0x00000374   Code   RO          432    i.TimeStateFunc     vfdapp.o
    0x08003c34   0x08003c34   0x000000c0   Code   RO          588    i.Time_Handle       ds3231.o
    0x08003cf4   0x08003cf4   0x00000010   Code   RO         1967    i.UART_DMAAbortOnError  stm32f1xx_hal_uart.o
    0x08003d04   0x08003d04   0x0000001c   Code   RO         1977    i.UART_EndRxTransfer  stm32f1xx_hal_uart.o
    0x08003d20   0x08003d20   0x00000096   Code   RO         1979    i.UART_Receive_IT   stm32f1xx_hal_uart.o
    0x08003db6   0x08003db6   0x00000002   PAD
    0x08003db8   0x08003db8   0x00000208   Code   RO         1980    i.UART_SetConfig    stm32f1xx_hal_uart.o
    0x08003fc0   0x08003fc0   0x00000062   Code   RO         1981    i.UART_Transmit_IT  stm32f1xx_hal_uart.o
    0x08004022   0x08004022   0x00000002   PAD
    0x08004024   0x08004024   0x0000000c   Code   RO          261    i.USART2_IRQHandler  stm32f1xx_it.o
    0x08004030   0x08004030   0x00000002   Code   RO          262    i.UsageFault_Handler  stm32f1xx_it.o
    0x08004032   0x08004032   0x00000002   PAD
    0x08004034   0x08004034   0x00000040   Code   RO          853    i.VFDAllSegment     vfddriver.o
    0x08004074   0x08004074   0x00000004   Code   RO          433    i.VFDApp_Interrupt  vfdapp.o
    0x08004078   0x08004078   0x000000a0   Code   RO          434    i.VFDApp_Loop       vfdapp.o
    0x08004118   0x08004118   0x000000c0   Code   RO          435    i.VFDApp_Setup      vfdapp.o
    0x080041d8   0x080041d8   0x00000078   Code   RO          854    i.VFDDownNumCtrl    vfddriver.o
    0x08004250   0x08004250   0x00000006   Code   RO          855    i.VFDDriverInit     vfddriver.o
    0x08004256   0x08004256   0x00000002   PAD
    0x08004258   0x08004258   0x00000030   Code   RO          856    i.VFDDsaplayUpdate  vfddriver.o
    0x08004288   0x08004288   0x00000064   Code   RO          857    i.VFDGateSegmentCtrl  vfddriver.o
    0x080042ec   0x080042ec   0x00000004   Code   RO          364    i.VFDMainInterrupt  vfdmain.o
    0x080042f0   0x080042f0   0x00000004   Code   RO          365    i.VFDMainLoop       vfdmain.o
    0x080042f4   0x080042f4   0x00000028   Code   RO          366    i.VFDMainSetup      vfdmain.o
    0x0800431c   0x0800431c   0x00000060   Code   RO          436    i.VFDNDATEDisplay   vfdapp.o
    0x0800437c   0x0800437c   0x00000060   Code   RO          437    i.VFDNTIMEDisplay   vfdapp.o
    0x080043dc   0x080043dc   0x0000006c   Code   RO          858    i.VFDNumSegment     vfddriver.o
    0x08004448   0x08004448   0x0000003c   Code   RO          859    i.VFDOutputCtrl     vfddriver.o
    0x08004484   0x08004484   0x00000144   Code   RO          438    i.VFDStateDisplay   vfdapp.o
    0x080045c8   0x080045c8   0x00000048   Code   RO          439    i.VFDTEMPDisplay    vfdapp.o
    0x08004610   0x08004610   0x000000cc   Code   RO          860    i.WordDisCtrl       vfddriver.o
    0x080046dc   0x080046dc   0x0000005c   Code   RO          707    i.Write_IIC_Byte    oled.o
    0x08004738   0x08004738   0x0000002e   Code   RO          708    i.Write_IIC_Command  oled.o
    0x08004766   0x08004766   0x0000002e   Code   RO          709    i.Write_IIC_Data    oled.o
    0x08004794   0x08004794   0x00000002   Code   RO            5    i._Error_Handler    main.o
    0x08004796   0x08004796   0x00000002   PAD
    0x08004798   0x08004798   0x00000028   Code   RO         3432    i.__0sprintf        mc_w.l(printfa.o)
    0x080047c0   0x080047c0   0x0000000e   Code   RO         3512    i.__scatterload_copy  mc_w.l(handlers.o)
    0x080047ce   0x080047ce   0x00000002   Code   RO         3513    i.__scatterload_null  mc_w.l(handlers.o)
    0x080047d0   0x080047d0   0x0000000e   Code   RO         3514    i.__scatterload_zeroinit  mc_w.l(handlers.o)
    0x080047de   0x080047de   0x00000002   PAD
    0x080047e0   0x080047e0   0x00000184   Code   RO         3437    i._fp_digits        mc_w.l(printfa.o)
    0x08004964   0x08004964   0x000006dc   Code   RO         3438    i._printf_core      mc_w.l(printfa.o)
    0x08005040   0x08005040   0x00000024   Code   RO         3439    i._printf_post_padding  mc_w.l(printfa.o)
    0x08005064   0x08005064   0x0000002e   Code   RO         3440    i._printf_pre_padding  mc_w.l(printfa.o)
    0x08005092   0x08005092   0x0000000a   Code   RO         3442    i._sputc            mc_w.l(printfa.o)
    0x0800509c   0x0800509c   0x00000002   Code   RO            6    i.assert_failed     main.o
    0x0800509e   0x0800509e   0x00000002   PAD
    0x080050a0   0x080050a0   0x00000044   Code   RO          968    i.getKey_Ctrl       keyboard.o
    0x080050e4   0x080050e4   0x0000001e   Code   RO            7    i.main              main.o
    0x08005102   0x08005102   0x00000800   Data   RO          441    .constdata          vfdapp.o
    0x08005902   0x08005902   0x00000010   Data   RO         3155    .constdata          system_stm32f1xx.o
    0x08005912   0x08005912   0x00000008   Data   RO         3156    .constdata          system_stm32f1xx.o
    0x0800591a   0x0800591a   0x00000002   PAD
    0x0800591c   0x0800591c   0x00000020   Data   RO         3510    Region$$Table       anon$$obj.o


    Execution Region RW_IRAM1 (Exec base: 0x20000000, Load base: 0x0800593c, Size: 0x000007f8, Max: 0x00005000, ABSOLUTE, COMPRESSED[0x000001e4])

    Exec Addr    Load Addr    Size         Type   Attr      Idx    E Section Name        Object

    0x20000000   COMPRESSED   0x0000002a   Data   RW          442    .data               vfdapp.o
    0x2000002a   COMPRESSED   0x0000001e   Data   RW          591    .data               ds3231.o
    0x20000048   COMPRESSED   0x00000222   Data   RW          712    .data               oled.o
    0x2000026a   COMPRESSED   0x00000002   PAD
    0x2000026c   COMPRESSED   0x00000012   Data   RW          862    .data               vfddriver.o
    0x2000027e   COMPRESSED   0x00000002   PAD
    0x20000280   COMPRESSED   0x0000000c   Data   RW         2278    .data               stm32f1xx_hal.o
    0x2000028c   COMPRESSED   0x00000004   Data   RW         3157    .data               system_stm32f1xx.o
    0x20000290        -       0x00000040   Zero   RW          171    .bss                tim.o
    0x200002d0        -       0x00000040   Zero   RW          213    .bss                usart.o
    0x20000310        -       0x00000033   Zero   RW          440    .bss                vfdapp.o
    0x20000343        -       0x00000011   Zero   RW          590    .bss                ds3231.o
    0x20000354        -       0x000000a0   Zero   RW          861    .bss                vfddriver.o
    0x200003f4   COMPRESSED   0x00000004   PAD
    0x200003f8        -       0x00000400   Zero   RW         1019    STACK               startup_stm32f103xb.o


==============================================================================

Image component sizes


      Code (inc. data)   RO Data    RW Data    ZI Data      Debug   Object Name

      1274         62          0         30         17      10627   ds3231.o
       212         16          0          0          0        971   gpio.o
        68         10          0          0          0        626   keyboard.o
       138          0          0          0          0     434181   main.o
       880         26          0        546          0       8874   oled.o
        36          8        236          0       1024        760   startup_stm32f103xb.o
       164         28          0         12          0       3777   stm32f1xx_hal.o
       566        256          0          0          0      27485   stm32f1xx_hal_cortex.o
       152          4          0          0          0       1079   stm32f1xx_hal_dma.o
      1004        242          0          0          0       3719   stm32f1xx_hal_gpio.o
       144         10          0          0          0        910   stm32f1xx_hal_msp.o
      1934        212          0          0          0       5740   stm32f1xx_hal_rcc.o
      1878        218          0          0          0      10123   stm32f1xx_hal_tim.o
       256         74          0          0          0       2318   stm32f1xx_hal_tim_ex.o
      1366        148          0          0          0       7027   stm32f1xx_hal_uart.o
        62         10          0          0          0       4723   stm32f1xx_it.o
        72         16         24          4          0       1147   system_stm32f1xx.o
       184         38          0          0         64       1602   tim.o
       184         42          0          0         64       1630   usart.o
      4792        866       2048         42         51      15405   vfdapp.o
       906        220          0         18        160      10663   vfddriver.o
        48          4          0          0          0       5070   vfdmain.o

    ----------------------------------------------------------------------
     16352       2510       2342        656       1384     558457   Object Totals
         0          0         32          0          0          0   (incl. Generated)
        32          0          2          4          4          0   (incl. Padding)

    ----------------------------------------------------------------------

      Code (inc. data)   RO Data    RW Data    ZI Data      Debug   Library Member Name

        86          0          0          0          0          0   __dczerorl2.o
         0          0          0          0          0          0   entry.o
         0          0          0          0          0          0   entry10a.o
         0          0          0          0          0          0   entry11a.o
         8          4          0          0          0          0   entry2.o
         4          0          0          0          0          0   entry5.o
         0          0          0          0          0          0   entry7b.o
         0          0          0          0          0          0   entry8b.o
         8          4          0          0          0          0   entry9a.o
        30          0          0          0          0          0   handlers.o
        36          8          0          0          0         68   init.o
         0          0          0          0          0          0   iusefp.o
        30          0          0          0          0         68   llshl.o
        36          0          0          0          0         68   llsshr.o
        32          0          0          0          0         68   llushr.o
        36          0          0          0          0         68   memcpya.o
      2276         86          0          0          0        520   printfa.o
        44          0          0          0          0         80   uidiv.o
        98          0          0          0          0         92   uldiv.o
        48          0          0          0          0         68   cdrcmple.o
       334          0          0          0          0        148   dadd.o
       222          0          0          0          0        100   ddiv.o
       186          0          0          0          0        176   depilogue.o
        48          0          0          0          0         68   dfixul.o
       228          0          0          0          0         96   dmul.o
        38          0          0          0          0         68   f2d.o
       176          0          0          0          0        140   fadd.o
       110          0          0          0          0        168   fepilogue.o
        10          0          0          0          0         68   ffltui.o
        24          0          0          0          0         68   fscalb.o

    ----------------------------------------------------------------------
      4150        102          0          0          0       2200   Library Totals
         2          0          0          0          0          0   (incl. Padding)

    ----------------------------------------------------------------------

      Code (inc. data)   RO Data    RW Data    ZI Data      Debug   Library Name

      2724        102          0          0          0       1032   mc_w.l
      1424          0          0          0          0       1168   mf_w.l

    ----------------------------------------------------------------------
      4150        102          0          0          0       2200   Library Totals

    ----------------------------------------------------------------------

==============================================================================


      Code (inc. data)   RO Data    RW Data    ZI Data      Debug   

     20502       2612       2342        656       1384     552985   Grand Totals
     20502       2612       2342        484       1384     552985   ELF Image Totals (compressed)
     20502       2612       2342        484          0          0   ROM Totals

==============================================================================

    Total RO  Size (Code + RO Data)                22844 (  22.31kB)
    Total RW  Size (RW Data + ZI Data)              2040 (   1.99kB)
    Total ROM Size (Code + RO Data + RW Data)      23328 (  22.78kB)

==============================================================================

