<html>
<body>
<pre>
<h1>µVision Build Log</h1>
<h2>Tool Versions:</h2>
IDE-Version: ¦ÌVision V5.27.1.0
Copyright (C) 2019 ARM Ltd and ARM Germany GmbH. All rights reserved.
License Information: zhang dong, Z-tech, LIC=EXJUH-WWE43-FW42N-YWFJK-JNC04-DVASX
 
Tool Versions:
Toolchain:       MDK-ARM Plus  Version: 5.27.1.0
Toolchain Path:  C:\Keil_v5_ARM\ARM\ARMCC\Bin
C Compiler:      Armcc.exe V5.06 update 6 (build 750)
Assembler:       Armasm.exe V5.06 update 6 (build 750)
Linker/Locator:  ArmLink.exe V5.06 update 6 (build 750)
Library Manager: ArmAr.exe V5.06 update 6 (build 750)
Hex Converter:   FromElf.exe V5.06 update 6 (build 750)
CPU DLL:         SARMCM3.DLL V5.27.1.0
Dialog DLL:      DCM.DLL V1.17.2.0
Target DLL:      STLink\ST-LINKIII-KEIL_SWO.dll V3.0.6.0
Dialog DLL:      TCM.DLL V1.36.1.0
 
<h2>Project:</h2>
C:\Users\ASUS\Desktop\VFD Driver\VFDMeter\MDK-ARM\VFDMeter.uvprojx
Project File Date:  09/08/2019

<h2>Output:</h2>
*** Using Compiler 'V5.06 update 6 (build 750)', folder: 'C:\Keil_v5_ARM\ARM\ARMCC\Bin'
Build target 'VFDMeter'
compiling VFDApp.c...
..\Application\Hardware\inc\DS3231.h(6): warning:  #47-D: incompatible redefinition of macro "u8"  (declared at line 7 of "..\Application\Hardware\inc\oled.h")
  #define u8  unsigned char
..\Application\Hardware\inc\DS3231.h(7): warning:  #47-D: incompatible redefinition of macro "u16"  (declared at line 8 of "..\Application\Hardware\inc\oled.h")
  #define u16 unsigned int
..\Application\VFDApp\src\VFDApp.c(266): warning:  #177-D: variable "temp"  was declared but never referenced
  		uint8_t temp[30];
..\Application\VFDApp\src\VFDApp.c(294): warning:  #188-D: enumerated type mixed with another type
  				VFDDisMod = (VFDDisMod == CLOSE) ? NTIME : VFDDisMod + 1;
..\Application\VFDApp\src\VFDApp.c(299): warning:  #188-D: enumerated type mixed with another type
  				VFDDisMod = (VFDDisMod == NTIME) ? CLOSE : VFDDisMod - 1;
..\Application\VFDApp\src\VFDApp.c(430): warning:  #223-D: function "memcpy" declared implicitly
  		memcpy(&timeVal,&TimeValue,sizeof(Time_Typedef));
..\Application\VFDApp\src\VFDApp.c(433): warning:  #167-D: argument of type "uint8_t *" is incompatible with parameter of type "char *restrict"
  	sprintf(str,"    %02d:%02d:%02d",timeVal.hour,timeVal.minute,timeVal.second);
..\Application\VFDApp\src\VFDApp.c(465): warning:  #111-D: statement is unreachable
  				case 3:timeVal.minute = ((timeVal.minute%10) == 9)?(timeVal.minute/10)*10:timeVal.minute+1;break;break;
..\Application\VFDApp\src\VFDApp.c(466): warning:  #111-D: statement is unreachable
  				case 4:timeVal.second = ((timeVal.second/10) == 5)?timeVal.second%10:timeVal.second+10;break;break;
..\Application\VFDApp\src\VFDApp.c(550): warning:  #223-D: function "memcpy" declared implicitly
  		memcpy(&timeVal,&TimeValue,sizeof(Time_Typedef));
..\Application\VFDApp\src\VFDApp.c(673): warning:  #223-D: function "memcpy" declared implicitly
  		memcpy(&timeVal,&TimeValue,sizeof(Time_Typedef));
..\Application\VFDApp\src\VFDApp.c(676): warning:  #167-D: argument of type "uint8_t *" is incompatible with parameter of type "char *restrict"
  	sprintf(str,"    %02d:%02d:%02d",timeVal.hour,timeVal.minute,timeVal.second);
..\Application\VFDApp\src\VFDApp.c(677): warning:  #167-D: argument of type "uint8_t *" is incompatible with parameter of type "char *restrict"
  	sprintf(str,"    Week:%d",timeVal.week);
..\Application\VFDApp\src\VFDApp.c(778): warning:  #188-D: enumerated type mixed with another type
  		WordDisCtrl(i,1);
..\Application\VFDApp\src\VFDApp.c(898): warning:  #1-D: last line of file ends without a newline
  }
..\Application\VFDApp\src\VFDApp.c: 15 warnings, 0 errors
linking...
Program Size: Code=20502 RO-data=2342 RW-data=656 ZI-data=1384  
FromELF: creating hex file...
"VFDMeter\VFDMeter.axf" - 0 Error(s), 15 Warning(s).

<h2>Software Packages used:</h2>

Package Vendor: ARM
                http://www.keil.com/pack/ARM.CMSIS.5.5.1.pack
                ARM.CMSIS.5.5.1
                CMSIS (Cortex Microcontroller Software Interface Standard)
   * Component: CORE Version: 5.2.0

Package Vendor: Keil
                http://www.keil.com/pack/Keil.STM32F1xx_DFP.2.2.0.pack
                Keil.STM32F1xx_DFP.2.2.0
                STMicroelectronics STM32F1 Series Device Support, Drivers and Examples

<h2>Collection of Component include folders:</h2>
  .\RTE\_VFDMeter
  C:\Keil_v5_ARM\ARM\PACK\ARM\CMSIS\5.5.1\CMSIS\Core\Include
  C:\Keil_v5_ARM\ARM\PACK\Keil\STM32F1xx_DFP\2.2.0\Device\Include

<h2>Collection of Component Files used:</h2>

   * Component: ARM::CMSIS:CORE:5.2.0
Build Time Elapsed:  00:00:03
</pre>
</body>
</html>
